Archive member included because of file (symbol)

./out/lib/posix.a(ciaaPOSIX_stdio.o)
                              ./out/obj/leds.o (ciaaPOSIX_open)
./out/lib/posix.a(ciaaPOSIX_string.o)
                              ./out/lib/posix.a(ciaaPOSIX_stdio.o) (ciaaPOSIX_strlen)
./out/lib/posix.a(ciaaDevices.o)
                              ./out/lib/posix.a(ciaaPOSIX_stdio.o) (ciaaDevices_getDevice)
./out/lib/posix.a(ciaaPOSIX_assert.o)
                              ./out/lib/posix.a(ciaaPOSIX_stdio.o) (ciaaPOSIX_assert_msg)
./out/lib/ciaak.a(ciaak_main.o)
                              ./out/obj/teclas.o (ciaak_start)
./out/lib/drivers.a(ciaaDriverAio.o)
                              ./out/lib/ciaak.a(ciaak_main.o) (ciaaDriverAio_init)
./out/lib/drivers.a(ciaaDriverDio.o)
                              ./out/lib/ciaak.a(ciaak_main.o) (ciaaDriverDio_init)
./out/lib/drivers.a(ciaaDriverFlash.o)
                              ./out/lib/ciaak.a(ciaak_main.o) (ciaaDriverFlash_init)
./out/lib/drivers.a(ciaaDriverUart.o)
                              ./out/lib/ciaak.a(ciaak_main.o) (ciaaDriverUart_init)
./out/lib/ext_drivers.a(adc_18xx_43xx.o)
                              ./out/lib/drivers.a(ciaaDriverAio.o) (Chip_ADC_Init)
./out/lib/ext_drivers.a(clock_18xx_43xx.o)
                              ./out/lib/ext_drivers.a(adc_18xx_43xx.o) (Chip_Clock_EnableOpts)
./out/lib/ext_drivers.a(cr_startup_lpc43xx.o)
                              (ResetISR)
./out/lib/ext_drivers.a(dac_18xx_43xx.o)
                              ./out/lib/drivers.a(ciaaDriverAio.o) (Chip_DAC_Init)
./out/lib/ext_drivers.a(gpdma_18xx_43xx.o)
                              ./out/lib/drivers.a(ciaaDriverAio.o) (Chip_GPDMA_Init)
./out/lib/ext_drivers.a(gpio_18xx_43xx.o)
                              ./out/lib/drivers.a(ciaaDriverDio.o) (Chip_GPIO_Init)
./out/lib/ext_drivers.a(sysinit.o)
                              ./out/lib/ext_drivers.a(clock_18xx_43xx.o) (ExtRateIn)
./out/lib/ext_drivers.a(uart_18xx_43xx.o)
                              ./out/lib/drivers.a(ciaaDriverUart.o) (Chip_UART_Init)
./out/lib/ext_drivers.a(fpu_init.o)
                              ./out/lib/ext_drivers.a(sysinit.o) (fpuInit)
./out/lib/ext_drivers.a(ring_buffer.o)
                              ./out/lib/ext_drivers.a(uart_18xx_43xx.o) (RingBuffer_Insert)
./out/lib/ext_drivers.a(sysinit_18xx_43xx.o)
                              ./out/lib/ext_drivers.a(sysinit.o) (Chip_SystemInit)
./out/lib/rtos.a(GetResource.o)
                              ./out/obj/myFunctions.o (GetResource)
./out/lib/rtos.a(Os.o)        ./out/lib/rtos.a(GetResource.o) (SuspendAllInterrupts_Counter)
./out/lib/rtos.a(Os_Internal.o)
                              ./out/lib/rtos.a(GetResource.o) (RunningTask)
./out/lib/rtos.a(ReleaseResource.o)
                              ./out/obj/myFunctions.o (ReleaseResource)
./out/lib/rtos.a(Schedule.o)  ./out/lib/rtos.a(ReleaseResource.o) (Schedule_Int)
./out/lib/rtos.a(SetEvent.o)  ./out/lib/rtos.a(Os_Internal.o) (SetEvent)
./out/lib/rtos.a(ShutdownOS.o)
                              ./out/obj/teclas.o (ShutdownOS)
./out/lib/rtos.a(StartOS.o)   ./out/obj/teclas.o (StartOS)
./out/lib/rtos.a(TerminateTask.o)
                              ./out/obj/teclas.o (TerminateTask)
./out/lib/rtos.a(Os_Internal_Arch.o)
                              ./out/lib/rtos.a(Schedule.o) (Osek_NewTaskPtr_Arch)
./out/lib/rtos.a(StartOs_Arch.o)
                              ./out/lib/rtos.a(StartOS.o) (StartOs_Arch)
./out/lib/rtos.a(StartOs_Arch_SysTick.o)
                              ./out/lib/rtos.a(StartOs_Arch.o) (StartOs_Arch_SysTick)
./out/lib/rtos.a(Os_Cfg.o)    ./out/obj/teclas.o (Osek_ErrorApi)
./out/lib/rtos.a(Os_Internal_Cfg.o)
                              ./out/lib/rtos.a(GetResource.o) (TasksConst)
./out/lib/rtos.a(Os_Internal_Arch_Cfg.o)
                              ./out/lib/ext_drivers.a(cr_startup_lpc43xx.o) (g_pfnVectors)
./out/lib/rtos.a(ActivateTask.o)
                              ./out/lib/rtos.a(Os_Internal.o) (ActivateTask)
./out/lib/rtos.a(SetRelAlarm.o)
                              ./out/lib/rtos.a(StartOS.o) (SetRelAlarm)
./out/lib/rtos.a(PendSV.o)    ./out/lib/rtos.a(Os_Internal_Arch_Cfg.o) (PendSV_Handler)
./out/lib/posix.a(ciaaBlockDevices.o)
                              ./out/lib/ciaak.a(ciaak_main.o) (ciaaBlockDevices_init)
./out/lib/posix.a(ciaaDioDevices.o)
                              ./out/lib/drivers.a(ciaaDriverDio.o) (ciaaDioDevices_addDriver)
./out/lib/posix.a(ciaaPOSIX_stdlib.o)
                              ./out/lib/ciaak.a(ciaak_main.o) (ciaaPOSIX_stdlib_init)
./out/lib/posix.a(ciaaSerialDevices.o)
                              ./out/lib/ciaak.a(ciaak_main.o) (ciaaSerialDevices_init)
./out/lib/posix.a(ciaaPOSIX_errno.o)
                              ./out/lib/posix.a(ciaaSerialDevices.o) (ciaaPOSIX_errno)
./out/lib/posix.a(ciaaPOSIX_semaphore.o)
                              ./out/lib/posix.a(ciaaPOSIX_stdlib.o) (ciaaPOSIX_sem_init)
[...]
Memory Configuration

Name             Origin             Length             Attributes
MFlashA512       0x000000001a000000 0x0000000000080000 xr
MFlashB512       0x000000001b000000 0x0000000000080000 xr
RamLoc32         0x0000000010000000 0x0000000000008000 xrw
RamLoc40         0x0000000010080000 0x000000000000a000 xrw
RamAHB32         0x0000000020000000 0x0000000000008000 xrw
RamAHB16         0x0000000020008000 0x0000000000004000 xrw
RamAHB_ETB16     0x000000002000c000 0x0000000000004000 xrw
*default*        0x0000000000000000 0xffffffffffffffff

Linker script and memory map

LOAD ./out/obj/leds.o
LOAD ./out/obj/myFunctions.o
LOAD ./out/obj/teclado.o
LOAD ./out/obj/teclas.o
LOAD ./out/obj/crp.o
START GROUP
LOAD ./out/lib/posix.a
LOAD ./out/lib/ciaak.a
LOAD ./out/lib/drivers.a
LOAD ./out/lib/ext_drivers.a
LOAD ./out/lib/rtos.a
LOAD ./out/lib/libs.a
LOAD ./out/lib/ext_base.a
END GROUP
START GROUP
LOAD /usr/bin/../lib/gcc/arm-none-eabi/4.9.3/armv7e-m/softfp/libgcc.a
LOAD /usr/bin/../lib/gcc/arm-none-eabi/4.9.3/../../../../arm-none-eabi/lib/armv7e-m/softfp/libc.a
LOAD /usr/bin/../lib/gcc/arm-none-eabi/4.9.3/../../../../arm-none-eabi/lib/armv7e-m/softfp/libm.a
END GROUP
                0x000000001a080000                __top_MFlashA512 = 0x1a080000
                0x000000001b080000                __top_MFlashB512 = 0x1b080000
                0x0000000010008000                __top_RamLoc32 = 0x10008000
                0x000000001008a000                __top_RamLoc40 = 0x1008a000
                0x0000000020008000                __top_RamAHB32 = 0x20008000
                0x000000002000c000                __top_RamAHB16 = 0x2000c000
                0x0000000020010000                __top_RamAHB_ETB16 = 0x20010000

.text_Flash2    0x000000001b000000        0x0
 FILL mask 0xff
 *(.text_Flash2*)
 *(.text_MFlashB512*)
 *(.text.$Flash2*)
 *(.text.$MFlashB512*)
 *(.rodata.$Flash2*)
 *(.rodata.$MFlashB512*)

.text           0x000000001a000000     0x64bc
 FILL mask 0xff
                0x000000001a000000                __vectors_start__ = ABSOLUTE (.)
 *(.isr_vector)
 .isr_vector    0x000000001a000000      0x114 ./out/lib/rtos.a(Os_Internal_Arch_Cfg.o)
                0x000000001a000000                g_pfnVectors
                0x000000001a000114                . = ALIGN (0x4)
                0x000000001a000114                __section_table_start = .
                0x000000001a000114                __data_section_table = .
                0x000000001a000114        0x4 LONG 0x1a0064bc LOADADDR (.data)
                0x000000001a000118        0x4 LONG 0x10000000 ADDR (.data)
                0x000000001a00011c        0x4 LONG 0x1c0 SIZEOF (.data)
                0x000000001a000120        0x4 LONG 0x1a0064bc LOADADDR (.data_RAM2)
                0x000000001a000124        0x4 LONG 0x10080000 ADDR (.data_RAM2)
                0x000000001a000128        0x4 LONG 0x0 SIZEOF (.data_RAM2)
                0x000000001a00012c        0x4 LONG 0x1a0064bc LOADADDR (.data_RAM3)
                0x000000001a000130        0x4 LONG 0x20000000 ADDR (.data_RAM3)
                0x000000001a000134        0x4 LONG 0x0 SIZEOF (.data_RAM3)
                0x000000001a000138        0x4 LONG 0x1a0064bc LOADADDR (.data_RAM4)
                0x000000001a00013c        0x4 LONG 0x20008000 ADDR (.data_RAM4)
                0x000000001a000140        0x4 LONG 0x0 SIZEOF (.data_RAM4)
                0x000000001a000144        0x4 LONG 0x1a0064bc LOADADDR (.data_RAM5)
                0x000000001a000148        0x4 LONG 0x2000c000 ADDR (.data_RAM5)
                0x000000001a00014c        0x4 LONG 0x0 SIZEOF (.data_RAM5)
                0x000000001a000150                __data_section_table_end = .
                0x000000001a000150                __bss_section_table = .
                0x000000001a000150        0x4 LONG 0x100001c0 ADDR (.bss)
                0x000000001a000154        0x4 LONG 0x34a8 SIZEOF (.bss)
                0x000000001a000158        0x4 LONG 0x10080000 ADDR (.bss_RAM2)
                0x000000001a00015c        0x4 LONG 0x0 SIZEOF (.bss_RAM2)
                0x000000001a000160        0x4 LONG 0x20000000 ADDR (.bss_RAM3)
                0x000000001a000164        0x4 LONG 0x0 SIZEOF (.bss_RAM3)
                0x000000001a000168        0x4 LONG 0x20008000 ADDR (.bss_RAM4)
                0x000000001a00016c        0x4 LONG 0x0 SIZEOF (.bss_RAM4)
                0x000000001a000170        0x4 LONG 0x2000c000 ADDR (.bss_RAM5)
                0x000000001a000174        0x4 LONG 0x0 SIZEOF (.bss_RAM5)
                0x000000001a000178                __bss_section_table_end = .
                0x000000001a000178                __section_table_end = .
 *(.after_vectors*)
 .after_vectors
                0x000000001a000178       0x7c ./out/lib/ext_drivers.a(cr_startup_lpc43xx.o)
                0x000000001a000178                data_init
                0x000000001a0001bc                bss_init
 .after_vectors
                0x000000001a0001f4       0x38 ./out/lib/rtos.a(Os_Internal_Arch_Cfg.o)
                0x000000001a0001f4                NMI_Handler
                0x000000001a0001fc                HardFault_Handler
                0x000000001a000204                MemManage_Handler
                0x000000001a00020c                BusFault_Handler
                0x000000001a000214                UsageFault_Handler
                0x000000001a00021c                SVC_Handler
                0x000000001a000224                DebugMon_Handler
                0x00000000000002fc                . = 0x2fc
 *fill*         0x000000001a00022c       0xd0 ff
                0x000000001a0002fc                PROVIDE (__CRP_WORD_START__, .)
 *(.crp)
 .crp           0x000000001a0002fc        0x4 ./out/obj/crp.o
                0x000000001a0002fc                CRP_WORD
                0x000000001a000300                PROVIDE (__CRP_WORD_END__, .)
                0x0000000000000001                ASSERT (! ((__CRP_WORD_START__ == __CRP_WORD_END__)), Linker CRP Enabled, but no CRP_WORD provided within application)
 *(.text*)
 .text.leds_init
                0x000000001a000300       0x1c ./out/obj/leds.o
                0x000000001a000300                leds_init
 .text.initMyVariables
                0x000000001a00031c       0x38 ./out/obj/myFunctions.o
                0x000000001a00031c                initMyVariables
 .text.procesarTeclas
                0x000000001a000354      0x2bc ./out/obj/myFunctions.o
                0x000000001a000354                procesarTeclas
 .text.teclado_init
                0x000000001a000610       0x1c ./out/obj/teclado.o
                0x000000001a000610                teclado_init
 .text.teclado_task
                0x000000001a00062c       0x48 ./out/obj/teclado.o
                0x000000001a00062c                teclado_task
 .text.teclado_getFlancos
                0x000000001a000674       0x24 ./out/obj/teclado.o
                0x000000001a000674                teclado_getFlancos
 .text.main     0x000000001a000698       0x10 ./out/obj/teclas.o
                0x000000001a000698                main
 .text.ErrorHook
                0x000000001a0006a8       0x54 ./out/obj/teclas.o
                0x000000001a0006a8                ErrorHook
 .text.OSEK_TASK_InitTask
                0x000000001a0006fc       0x24 ./out/obj/teclas.o
                0x000000001a0006fc                OSEK_TASK_InitTask
 .text.OSEK_TASK_LedsTask
                0x000000001a000720       0x84 ./out/obj/teclas.o
                0x000000001a000720                OSEK_TASK_LedsTask
 .text.OSEK_TASK_TecladoTask
                0x000000001a0007a4       0x28 ./out/obj/teclas.o
                0x000000001a0007a4                OSEK_TASK_TecladoTask
 .text.ciaaPOSIX_open
                0x000000001a0007cc      0x10c ./out/lib/posix.a(ciaaPOSIX_stdio.o)
                0x000000001a0007cc                ciaaPOSIX_open
 .text.ciaaPOSIX_read
                0x000000001a0008d8       0x54 ./out/lib/posix.a(ciaaPOSIX_stdio.o)
                0x000000001a0008d8                ciaaPOSIX_read
 .text.ciaaPOSIX_write
                0x000000001a00092c       0x54 ./out/lib/posix.a(ciaaPOSIX_stdio.o)
                0x000000001a00092c                ciaaPOSIX_write
 .text.ciaaPOSIX_printf
                0x000000001a000980       0x20 ./out/lib/posix.a(ciaaPOSIX_stdio.o)
                0x000000001a000980                ciaaPOSIX_printf
 .text.ciaaPOSIX_strlen
                0x000000001a0009a0       0x30 ./out/lib/posix.a(ciaaPOSIX_string.o)
                0x000000001a0009a0                ciaaPOSIX_strlen
 .text.ciaaPOSIX_strcat
                0x000000001a0009d0       0x4c ./out/lib/posix.a(ciaaPOSIX_string.o)
                0x000000001a0009d0                ciaaPOSIX_strcat
 .text.ciaaPOSIX_strncmp
                0x000000001a000a1c       0xa4 ./out/lib/posix.a(ciaaPOSIX_string.o)
                0x000000001a000a1c                ciaaPOSIX_strncmp
 .text.ciaaPOSIX_memcpy
                0x000000001a000ac0       0x38 ./out/lib/posix.a(ciaaPOSIX_string.o)
                0x000000001a000ac0                ciaaPOSIX_memcpy
 .text.ciaaPOSIX_memset
                0x000000001a000af8       0x34 ./out/lib/posix.a(ciaaPOSIX_string.o)
                0x000000001a000af8                ciaaPOSIX_memset
 .text.ciaaDevices_init
                0x000000001a000b2c       0x18 ./out/lib/posix.a(ciaaDevices.o)
                0x000000001a000b2c                ciaaDevices_init
 .text.ciaaDevices_addDevice
                0x000000001a000b44       0x40 ./out/lib/posix.a(ciaaDevices.o)
                0x000000001a000b44                ciaaDevices_addDevice
 .text.ciaaDevices_getDevice
                0x000000001a000b84       0x7c ./out/lib/posix.a(ciaaDevices.o)
                0x000000001a000b84                ciaaDevices_getDevice
 .text.ciaak_start
                0x000000001a000c00       0x28 ./out/lib/ciaak.a(ciaak_main.o)
                0x000000001a000c00                ciaak_start
 .text.ciaak_malloc
                0x000000001a000c28       0x2c ./out/lib/ciaak.a(ciaak_main.o)
                0x000000001a000c28                ciaak_malloc
 .text.NVIC_EnableIRQ
                0x000000001a000c54       0x30 ./out/lib/drivers.a(ciaaDriverAio.o)
 .text.NVIC_DisableIRQ
                0x000000001a000c84       0x34 ./out/lib/drivers.a(ciaaDriverAio.o)
 .text.NVIC_SetPriority
                0x000000001a000cb8       0x54 ./out/lib/drivers.a(ciaaDriverAio.o)
 .text.Chip_SCU_DAC_Analog_Config
                0x000000001a000d0c       0x20 ./out/lib/drivers.a(ciaaDriverAio.o)
 .text.Chip_DAC_ConfigDAConverterControl
                0x000000001a000d2c       0x28 ./out/lib/drivers.a(ciaaDriverAio.o)
 .text.Chip_DAC_SetDMATimeOut
                0x000000001a000d54       0x1c ./out/lib/drivers.a(ciaaDriverAio.o)
 .text.ciaaDriverAio_txConfirmation
                0x000000001a000d70       0x1c ./out/lib/drivers.a(ciaaDriverAio.o)
 .text.ciaa_lpc4337_aio_init
                0x000000001a000d8c      0x108 ./out/lib/drivers.a(ciaaDriverAio.o)
                0x000000001a000d8c                ciaa_lpc4337_aio_init
 .text.ciaaDriverAio_open
                0x000000001a000e94       0x1c ./out/lib/drivers.a(ciaaDriverAio.o)
                0x000000001a000e94                ciaaDriverAio_open
 .text.ciaaDriverAio_close
                0x000000001a000eb0       0x70 ./out/lib/drivers.a(ciaaDriverAio.o)
                0x000000001a000eb0                ciaaDriverAio_close
 .text.ciaaDriverAio_ioctl
                0x000000001a000f20      0x360 ./out/lib/drivers.a(ciaaDriverAio.o)
                0x000000001a000f20                ciaaDriverAio_ioctl
 .text.ciaaDriverAio_read
                0x000000001a001280       0xe0 ./out/lib/drivers.a(ciaaDriverAio.o)
                0x000000001a001280                ciaaDriverAio_read
 .text.ciaaDriverAio_write
                0x000000001a001360      0x108 ./out/lib/drivers.a(ciaaDriverAio.o)
                0x000000001a001360                ciaaDriverAio_write
 .text.ciaaDriverAio_init
                0x000000001a001468       0x38 ./out/lib/drivers.a(ciaaDriverAio.o)
                0x000000001a001468                ciaaDriverAio_init
 .text.Chip_SCU_PinMuxSet
                0x000000001a0014a0       0x30 ./out/lib/drivers.a(ciaaDriverDio.o)
 .text.Chip_SCU_PinMux
                0x000000001a0014d0       0x3c ./out/lib/drivers.a(ciaaDriverDio.o)
 .text.Chip_GPIO_SetPinState
                0x000000001a00150c       0x38 ./out/lib/drivers.a(ciaaDriverDio.o)
 .text.Chip_GPIO_GetPinState
                0x000000001a001544       0x38 ./out/lib/drivers.a(ciaaDriverDio.o)
 .text.Chip_GPIO_ClearValue
                0x000000001a00157c       0x28 ./out/lib/drivers.a(ciaaDriverDio.o)
 .text.ciaa_lpc4337_gpio_init
                0x000000001a0015a4      0x128 ./out/lib/drivers.a(ciaaDriverDio.o)
 .text.ciaa_lpc4337_writeOutput
                0x000000001a0016cc       0x48 ./out/lib/drivers.a(ciaaDriverDio.o)
 .text.ciaa_lpc4337_readInput
                0x000000001a001714       0x48 ./out/lib/drivers.a(ciaaDriverDio.o)
 .text.ciaa_lpc4337_readOutput
                0x000000001a00175c       0x48 ./out/lib/drivers.a(ciaaDriverDio.o)
 .text.ciaa_lpc4337_readPins
                0x000000001a0017a4       0xb4 ./out/lib/drivers.a(ciaaDriverDio.o)
 .text.ciaaDriverDio_open
                0x000000001a001858       0x1c ./out/lib/drivers.a(ciaaDriverDio.o)
                0x000000001a001858                ciaaDriverDio_open
 .text.ciaaDriverDio_close
                0x000000001a001874       0x18 ./out/lib/drivers.a(ciaaDriverDio.o)
                0x000000001a001874                ciaaDriverDio_close
 .text.ciaaDriverDio_ioctl
                0x000000001a00188c       0x1c ./out/lib/drivers.a(ciaaDriverDio.o)
                0x000000001a00188c                ciaaDriverDio_ioctl
 .text.ciaaDriverDio_read
                0x000000001a0018a8       0x64 ./out/lib/drivers.a(ciaaDriverDio.o)
                0x000000001a0018a8                ciaaDriverDio_read
 .text.ciaaDriverDio_write
                0x000000001a00190c       0xb4 ./out/lib/drivers.a(ciaaDriverDio.o)
                0x000000001a00190c                ciaaDriverDio_write
 .text.ciaaDriverDio_init
                0x000000001a0019c0       0x38 ./out/lib/drivers.a(ciaaDriverDio.o)
                0x000000001a0019c0                ciaaDriverDio_init
 .text.ciaaDriverFlash_init
                0x000000001a0019f8        0xc ./out/lib/drivers.a(ciaaDriverFlash.o)
                0x000000001a0019f8                ciaaDriverFlash_init
 .text.Chip_SCU_PinMuxSet
                0x000000001a001a04       0x30 ./out/lib/drivers.a(ciaaDriverUart.o)
 .text.Chip_SCU_PinMux
                0x000000001a001a34       0x3c ./out/lib/drivers.a(ciaaDriverUart.o)
 .text.Chip_UART_TXEnable
                0x000000001a001a70       0x18 ./out/lib/drivers.a(ciaaDriverUart.o)
 .text.Chip_UART_SendByte
                0x000000001a001a88       0x1c ./out/lib/drivers.a(ciaaDriverUart.o)
 .text.Chip_UART_ReadByte
                0x000000001a001aa4       0x1c ./out/lib/drivers.a(ciaaDriverUart.o)
 .text.Chip_UART_IntEnable
                0x000000001a001ac0       0x20 ./out/lib/drivers.a(ciaaDriverUart.o)
 .text.Chip_UART_IntDisable
                0x000000001a001ae0       0x24 ./out/lib/drivers.a(ciaaDriverUart.o)
 .text.Chip_UART_SetupFIFOS
                0x000000001a001b04       0x1c ./out/lib/drivers.a(ciaaDriverUart.o)
 .text.Chip_UART_ReadLineStatus
                0x000000001a001b20       0x18 ./out/lib/drivers.a(ciaaDriverUart.o)
 .text.Chip_UART_SetRS485Flags
                0x000000001a001b38       0x20 ./out/lib/drivers.a(ciaaDriverUart.o)
 .text.ciaaDriverUart_txConfirmation
                0x000000001a001b58       0x1c ./out/lib/drivers.a(ciaaDriverUart.o)
 .text.ciaaDriverUart_hwInit
                0x000000001a001b74       0xc8 ./out/lib/drivers.a(ciaaDriverUart.o)
 .text.ciaaDriverUart_open
                0x000000001a001c3c       0x3c ./out/lib/drivers.a(ciaaDriverUart.o)
                0x000000001a001c3c                ciaaDriverUart_open
 .text.ciaaDriverUart_close
                0x000000001a001c78       0x20 ./out/lib/drivers.a(ciaaDriverUart.o)
                0x000000001a001c78                ciaaDriverUart_close
 .text.ciaaDriverUart_ioctl
                0x000000001a001c98      0x100 ./out/lib/drivers.a(ciaaDriverUart.o)
                0x000000001a001c98                ciaaDriverUart_ioctl
 .text.ciaaDriverUart_read
                0x000000001a001d98       0xd0 ./out/lib/drivers.a(ciaaDriverUart.o)
                0x000000001a001d98                ciaaDriverUart_read
 .text.ciaaDriverUart_write
                0x000000001a001e68       0x78 ./out/lib/drivers.a(ciaaDriverUart.o)
                0x000000001a001e68                ciaaDriverUart_write
 .text.ciaaDriverUart_init
                0x000000001a001ee0       0x38 ./out/lib/drivers.a(ciaaDriverUart.o)
                0x000000001a001ee0                ciaaDriverUart_init
 .text.getFullConvClk
                0x000000001a001f18       0x10 ./out/lib/ext_drivers.a(adc_18xx_43xx.o)
 .text.Chip_ADC_GetClockIndex
                0x000000001a001f28       0x2c ./out/lib/ext_drivers.a(adc_18xx_43xx.o)
 .text.getClkDiv
                0x000000001a001f54       0x68 ./out/lib/ext_drivers.a(adc_18xx_43xx.o)
 .text.setStartMode
                0x000000001a001fbc       0x2c ./out/lib/ext_drivers.a(adc_18xx_43xx.o)
                0x000000001a001fbc                setStartMode
 .text.Chip_ADC_Init
                0x000000001a001fe8       0x88 ./out/lib/ext_drivers.a(adc_18xx_43xx.o)
                0x000000001a001fe8                Chip_ADC_Init
 .text.Chip_ADC_Int_SetChannelCmd
                0x000000001a002070       0x48 ./out/lib/ext_drivers.a(adc_18xx_43xx.o)
                0x000000001a002070                Chip_ADC_Int_SetChannelCmd
 .text.Chip_ADC_SetStartMode
                0x000000001a0020b8       0x4c ./out/lib/ext_drivers.a(adc_18xx_43xx.o)
                0x000000001a0020b8                Chip_ADC_SetStartMode
 .text.Chip_ADC_SetSampleRate
                0x000000001a002104       0x68 ./out/lib/ext_drivers.a(adc_18xx_43xx.o)
                0x000000001a002104                Chip_ADC_SetSampleRate
 .text.Chip_ADC_SetResolution
                0x000000001a00216c       0x28 ./out/lib/ext_drivers.a(adc_18xx_43xx.o)
                0x000000001a00216c                Chip_ADC_SetResolution
 .text.Chip_ADC_EnableChannel
                0x000000001a002194       0x54 ./out/lib/ext_drivers.a(adc_18xx_43xx.o)
                0x000000001a002194                Chip_ADC_EnableChannel
 .text.Chip_ADC_SetBurstCmd
                0x000000001a0021e8       0x3c ./out/lib/ext_drivers.a(adc_18xx_43xx.o)
                0x000000001a0021e8                Chip_ADC_SetBurstCmd
 .text.ABS      0x000000001a002224       0x24 ./out/lib/ext_drivers.a(clock_18xx_43xx.o)
 .text.pll_calc_divs
                0x000000001a002248      0x11c ./out/lib/ext_drivers.a(clock_18xx_43xx.o)
 .text.pll_get_frac
                0x000000001a002364      0x178 ./out/lib/ext_drivers.a(clock_18xx_43xx.o)
 .text.Chip_Clock_GetDivRate
                0x000000001a0024dc       0x40 ./out/lib/ext_drivers.a(clock_18xx_43xx.o)
 .text.Chip_Clock_FindBaseClock
                0x000000001a00251c       0x88 ./out/lib/ext_drivers.a(clock_18xx_43xx.o)
 .text.Chip_Clock_EnableCrystal
                0x000000001a0025a4       0x6c ./out/lib/ext_drivers.a(clock_18xx_43xx.o)
                0x000000001a0025a4                Chip_Clock_EnableCrystal
 .text.Chip_Clock_CalcMainPLLValue
                0x000000001a002610       0xd8 ./out/lib/ext_drivers.a(clock_18xx_43xx.o)
                0x000000001a002610                Chip_Clock_CalcMainPLLValue
 .text.Chip_Clock_GetMainPLLHz
                0x000000001a0026e8       0xc0 ./out/lib/ext_drivers.a(clock_18xx_43xx.o)
                0x000000001a0026e8                Chip_Clock_GetMainPLLHz
 .text.Chip_Clock_GetDividerSource
                0x000000001a0027a8       0x40 ./out/lib/ext_drivers.a(clock_18xx_43xx.o)
                0x000000001a0027a8                Chip_Clock_GetDividerSource
 .text.Chip_Clock_GetDividerDivisor
                0x000000001a0027e8       0x38 ./out/lib/ext_drivers.a(clock_18xx_43xx.o)
                0x000000001a0027e8                Chip_Clock_GetDividerDivisor
 .text.Chip_Clock_GetClockInputHz
                0x000000001a002820      0x140 ./out/lib/ext_drivers.a(clock_18xx_43xx.o)
                0x000000001a002820                Chip_Clock_GetClockInputHz
 .text.Chip_Clock_GetBaseClocktHz
                0x000000001a002960       0x24 ./out/lib/ext_drivers.a(clock_18xx_43xx.o)
                0x000000001a002960                Chip_Clock_GetBaseClocktHz
 .text.Chip_Clock_SetBaseClock
                0x000000001a002984       0x9c ./out/lib/ext_drivers.a(clock_18xx_43xx.o)
                0x000000001a002984                Chip_Clock_SetBaseClock
 .text.Chip_Clock_GetBaseClock
                0x000000001a002a20       0x4c ./out/lib/ext_drivers.a(clock_18xx_43xx.o)
                0x000000001a002a20                Chip_Clock_GetBaseClock
 .text.Chip_Clock_EnableOpts
                0x000000001a002a6c       0x7c ./out/lib/ext_drivers.a(clock_18xx_43xx.o)
                0x000000001a002a6c                Chip_Clock_EnableOpts
 .text.Chip_Clock_GetRate
                0x000000001a002ae8       0x88 ./out/lib/ext_drivers.a(clock_18xx_43xx.o)
                0x000000001a002ae8                Chip_Clock_GetRate
 .text.ResetISR
                0x000000001a002b70       0xe4 ./out/lib/ext_drivers.a(cr_startup_lpc43xx.o)
                0x000000001a002b70                ResetISR
 .text.Chip_DAC_Init
                0x000000001a002c54       0x24 ./out/lib/ext_drivers.a(dac_18xx_43xx.o)
                0x000000001a002c54                Chip_DAC_Init
 .text.Chip_DAC_SetBias
                0x000000001a002c78       0x34 ./out/lib/ext_drivers.a(dac_18xx_43xx.o)
                0x000000001a002c78                Chip_DAC_SetBias
 .text.configDMAMux
                0x000000001a002cac      0x1fc ./out/lib/ext_drivers.a(gpdma_18xx_43xx.o)
 .text.makeCtrlWord
                0x000000001a002ea8      0x128 ./out/lib/ext_drivers.a(gpdma_18xx_43xx.o)
                0x000000001a002ea8                makeCtrlWord
 .text.setupChannel
                0x000000001a002fd0       0xc0 ./out/lib/ext_drivers.a(gpdma_18xx_43xx.o)
                0x000000001a002fd0                setupChannel
 .text.Chip_GPDMA_Init
                0x000000001a003090       0x68 ./out/lib/ext_drivers.a(gpdma_18xx_43xx.o)
                0x000000001a003090                Chip_GPDMA_Init
 .text.Chip_GPDMA_InitChannelCfg
                0x000000001a0030f8       0xe4 ./out/lib/ext_drivers.a(gpdma_18xx_43xx.o)
                0x000000001a0030f8                Chip_GPDMA_InitChannelCfg
 .text.Chip_GPDMA_IntGetStatus
                0x000000001a0031dc       0xc0 ./out/lib/ext_drivers.a(gpdma_18xx_43xx.o)
                0x000000001a0031dc                Chip_GPDMA_IntGetStatus
 .text.Chip_GPDMA_ChannelCmd
                0x000000001a00329c       0x48 ./out/lib/ext_drivers.a(gpdma_18xx_43xx.o)
                0x000000001a00329c                Chip_GPDMA_ChannelCmd
 .text.Chip_GPDMA_Transfer
                0x000000001a0032e4       0xfc ./out/lib/ext_drivers.a(gpdma_18xx_43xx.o)
                0x000000001a0032e4                Chip_GPDMA_Transfer
 .text.Chip_GPDMA_GetFreeChannel
                0x000000001a0033e0       0x58 ./out/lib/ext_drivers.a(gpdma_18xx_43xx.o)
                0x000000001a0033e0                Chip_GPDMA_GetFreeChannel
 .text.Chip_GPIO_Init
                0x000000001a003438       0x14 ./out/lib/ext_drivers.a(gpio_18xx_43xx.o)
                0x000000001a003438                Chip_GPIO_Init
 .text.Chip_GPIO_SetDir
                0x000000001a00344c       0x60 ./out/lib/ext_drivers.a(gpio_18xx_43xx.o)
                0x000000001a00344c                Chip_GPIO_SetDir
 .text.SystemInit
                0x000000001a0034ac       0x1c ./out/lib/ext_drivers.a(sysinit.o)
                0x000000001a0034ac                SystemInit
 .text.Chip_UART_TXDisable
                0x000000001a0034c8       0x18 ./out/lib/ext_drivers.a(uart_18xx_43xx.o)
 .text.Chip_UART_SetupFIFOS
                0x000000001a0034e0       0x1c ./out/lib/ext_drivers.a(uart_18xx_43xx.o)
 .text.Chip_UART_ConfigData
                0x000000001a0034fc       0x1c ./out/lib/ext_drivers.a(uart_18xx_43xx.o)
 .text.Chip_UART_EnableDivisorAccess
                0x000000001a003518       0x20 ./out/lib/ext_drivers.a(uart_18xx_43xx.o)
 .text.Chip_UART_DisableDivisorAccess
                0x000000001a003538       0x20 ./out/lib/ext_drivers.a(uart_18xx_43xx.o)
 .text.Chip_UART_SetDivisorLatches
                0x000000001a003558       0x28 ./out/lib/ext_drivers.a(uart_18xx_43xx.o)
 .text.Chip_UART_GetIndex
                0x000000001a003580       0x60 ./out/lib/ext_drivers.a(uart_18xx_43xx.o)
 .text.Chip_UART_Init
                0x000000001a0035e0       0x84 ./out/lib/ext_drivers.a(uart_18xx_43xx.o)
                0x000000001a0035e0                Chip_UART_Init
 .text.Chip_UART_SetBaud
                0x000000001a003664       0x70 ./out/lib/ext_drivers.a(uart_18xx_43xx.o)
                0x000000001a003664                Chip_UART_SetBaud
 .text.fpuInit  0x000000001a0036d4       0x74 ./out/lib/ext_drivers.a(fpu_init.o)
                0x000000001a0036d4                fpuInit
 .text.Chip_Clock_DisableMainPLL
                0x000000001a003748       0x1c ./out/lib/ext_drivers.a(sysinit_18xx_43xx.o)
 .text.Chip_Clock_SetupMainPLL
                0x000000001a003764       0x40 ./out/lib/ext_drivers.a(sysinit_18xx_43xx.o)
 .text.Chip_Clock_MainPLLLocked
                0x000000001a0037a4       0x24 ./out/lib/ext_drivers.a(sysinit_18xx_43xx.o)
 .text.Chip_SetupCoreClock
                0x000000001a0037c8      0x15c ./out/lib/ext_drivers.a(sysinit_18xx_43xx.o)
                0x000000001a0037c8                Chip_SetupCoreClock
 .text.Chip_SetupIrcClocking
                0x000000001a003924       0x14 ./out/lib/ext_drivers.a(sysinit_18xx_43xx.o)
                0x000000001a003924                Chip_SetupIrcClocking
 .text.Chip_SystemInit
                0x000000001a003938        0xc ./out/lib/ext_drivers.a(sysinit_18xx_43xx.o)
                0x000000001a003938                Chip_SystemInit
 .text.GetResource
                0x000000001a003944      0x170 ./out/lib/rtos.a(GetResource.o)
                0x000000001a003944                GetResource
 .text.AddReady
                0x000000001a003ab4       0xb0 ./out/lib/rtos.a(Os_Internal.o)
                0x000000001a003ab4                AddReady
 .text.RemoveTask
                0x000000001a003b64       0x98 ./out/lib/rtos.a(Os_Internal.o)
                0x000000001a003b64                RemoveTask
 .text.GetNextTask
                0x000000001a003bfc       0xe8 ./out/lib/rtos.a(Os_Internal.o)
                0x000000001a003bfc                GetNextTask
 .text.OSEK_ISR_NoHandler
                0x000000001a003ce4        0x8 ./out/lib/rtos.a(Os_Internal.o)
                0x000000001a003ce4                OSEK_ISR_NoHandler
 .text.IncrementAlarm
                0x000000001a003cec      0x228 ./out/lib/rtos.a(Os_Internal.o)
                0x000000001a003cec                IncrementAlarm
 .text.IncrementCounter
                0x000000001a003f14       0xe8 ./out/lib/rtos.a(Os_Internal.o)
                0x000000001a003f14                IncrementCounter
 .text.ReleaseResource
                0x000000001a003ffc      0x1c8 ./out/lib/rtos.a(ReleaseResource.o)
                0x000000001a003ffc                ReleaseResource
 .text.Schedule_Int
                0x000000001a0041c4      0x2dc ./out/lib/rtos.a(Schedule.o)
                0x000000001a0041c4                Schedule_Int
 .text.SetEvent
                0x000000001a0044a0      0x274 ./out/lib/rtos.a(SetEvent.o)
                0x000000001a0044a0                SetEvent
 .text.ShutdownOS
                0x000000001a004714        0xc ./out/lib/rtos.a(ShutdownOS.o)
                0x000000001a004714                ShutdownOS
 .text.StartOS  0x000000001a004720      0x130 ./out/lib/rtos.a(StartOS.o)
                0x000000001a004720                StartOS
 .text.TerminateTask
                0x000000001a004850      0x160 ./out/lib/rtos.a(TerminateTask.o)
                0x000000001a004850                TerminateTask
 .text.ReturnHook_Arch
                0x000000001a0049b0        0x8 ./out/lib/rtos.a(Os_Internal_Arch.o)
                0x000000001a0049b0                ReturnHook_Arch
 .text.CheckTerminatingTask_Arch
                0x000000001a0049b8       0x24 ./out/lib/rtos.a(Os_Internal_Arch.o)
                0x000000001a0049b8                CheckTerminatingTask_Arch
 .text.InitStack_Arch
                0x000000001a0049dc       0xc4 ./out/lib/rtos.a(Os_Internal_Arch.o)
                0x000000001a0049dc                InitStack_Arch
 .text.SysTick_Handler
                0x000000001a004aa0       0xa4 ./out/lib/rtos.a(Os_Internal_Arch.o)
                0x000000001a004aa0                SysTick_Handler
 .text.StartOs_Arch_Cpu
                0x000000001a004b44       0x10 ./out/lib/rtos.a(StartOs_Arch.o)
                0x000000001a004b44                StartOs_Arch_Cpu
 .text.StartOs_Arch
                0x000000001a004b54       0x2c ./out/lib/rtos.a(StartOs_Arch.o)
                0x000000001a004b54                StartOs_Arch
 .text.NVIC_SetPriority
                0x000000001a004b80       0x54 ./out/lib/rtos.a(StartOs_Arch_SysTick.o)
 .text.SysTick_Config
                0x000000001a004bd4       0x44 ./out/lib/rtos.a(StartOs_Arch_SysTick.o)
 .text.StartOs_Arch_SysTick
                0x000000001a004c18       0x48 ./out/lib/rtos.a(StartOs_Arch_SysTick.o)
                0x000000001a004c18                StartOs_Arch_SysTick
 .text.Enable_User_ISRs
                0x000000001a004c60        0xc ./out/lib/rtos.a(Os_Internal_Arch_Cfg.o)
                0x000000001a004c60                Enable_User_ISRs
 .text.ActivateTask
                0x000000001a004c6c      0x1e0 ./out/lib/rtos.a(ActivateTask.o)
                0x000000001a004c6c                ActivateTask
 .text.SetRelAlarm
                0x000000001a004e4c      0x19c ./out/lib/rtos.a(SetRelAlarm.o)
                0x000000001a004e4c                SetRelAlarm
 .text          0x000000001a004fe8       0x7c ./out/lib/rtos.a(PendSV.o)
                0x000000001a004fe8                PendSV_Handler
 .text.ciaaBlockDevices_init
                0x000000001a005064       0x4c ./out/lib/posix.a(ciaaBlockDevices.o)
                0x000000001a005064                ciaaBlockDevices_init
 .text.ciaaDioDevices_addDriver
                0x000000001a0050b0       0xf8 ./out/lib/posix.a(ciaaDioDevices.o)
                0x000000001a0050b0                ciaaDioDevices_addDriver
 .text.ciaaDioDevices_open
                0x000000001a0051a8       0x50 ./out/lib/posix.a(ciaaDioDevices.o)
                0x000000001a0051a8                ciaaDioDevices_open
 .text.ciaaDioDevices_close
                0x000000001a0051f8       0x20 ./out/lib/posix.a(ciaaDioDevices.o)
                0x000000001a0051f8                ciaaDioDevices_close
 .text.ciaaDioDevices_ioctl
                0x000000001a005218       0x2c ./out/lib/posix.a(ciaaDioDevices.o)
                0x000000001a005218                ciaaDioDevices_ioctl
 .text.ciaaDioDevices_read
                0x000000001a005244       0x2c ./out/lib/posix.a(ciaaDioDevices.o)
                0x000000001a005244                ciaaDioDevices_read
 .text.ciaaDioDevices_write
                0x000000001a005270       0x2c ./out/lib/posix.a(ciaaDioDevices.o)
                0x000000001a005270                ciaaDioDevices_write
 .text.ciaaPOSIX_chunk_partition
                0x000000001a00529c       0x5c ./out/lib/posix.a(ciaaPOSIX_stdlib.o)
 .text.ciaaPOSIX_stdlib_init
                0x000000001a0052f8       0x44 ./out/lib/posix.a(ciaaPOSIX_stdlib.o)
                0x000000001a0052f8                ciaaPOSIX_stdlib_init
 .text.ciaaPOSIX_malloc
                0x000000001a00533c       0x60 ./out/lib/posix.a(ciaaPOSIX_stdlib.o)
                0x000000001a00533c                ciaaPOSIX_malloc
 .text.ciaaSerialDevices_init
                0x000000001a00539c       0x58 ./out/lib/posix.a(ciaaSerialDevices.o)
                0x000000001a00539c                ciaaSerialDevices_init
 .text.ciaaSerialDevices_addDriver
                0x000000001a0053f4      0x16c ./out/lib/posix.a(ciaaSerialDevices.o)
                0x000000001a0053f4                ciaaSerialDevices_addDriver
 .text.ciaaSerialDevices_open
                0x000000001a005560       0x74 ./out/lib/posix.a(ciaaSerialDevices.o)
                0x000000001a005560                ciaaSerialDevices_open
 .text.ciaaSerialDevices_close
                0x000000001a0055d4       0x20 ./out/lib/posix.a(ciaaSerialDevices.o)
                0x000000001a0055d4                ciaaSerialDevices_close
 .text.ciaaSerialDevices_ioctl
                0x000000001a0055f4       0xe8 ./out/lib/posix.a(ciaaSerialDevices.o)
                0x000000001a0055f4                ciaaSerialDevices_ioctl
 .text.ciaaSerialDevices_read
                0x000000001a0056dc       0xb8 ./out/lib/posix.a(ciaaSerialDevices.o)
                0x000000001a0056dc                ciaaSerialDevices_read
 .text.ciaaSerialDevices_write
                0x000000001a005794       0xd4 ./out/lib/posix.a(ciaaSerialDevices.o)
                0x000000001a005794                ciaaSerialDevices_write
 .text.ciaaSerialDevices_txConfirmation
                0x000000001a005868      0x128 ./out/lib/posix.a(ciaaSerialDevices.o)
                0x000000001a005868                ciaaSerialDevices_txConfirmation
 .text.ciaaPOSIX_sem_init
                0x000000001a005990       0x18 ./out/lib/posix.a(ciaaPOSIX_semaphore.o)
                0x000000001a005990                ciaaPOSIX_sem_init
 .text.ciaaPOSIX_sem_wait
                0x000000001a0059a8       0x18 ./out/lib/posix.a(ciaaPOSIX_semaphore.o)
                0x000000001a0059a8                ciaaPOSIX_sem_wait
 .text.ciaaPOSIX_sem_post
                0x000000001a0059c0       0x18 ./out/lib/posix.a(ciaaPOSIX_semaphore.o)
                0x000000001a0059c0                ciaaPOSIX_sem_post
 .text.SystemCoreClockUpdate
                0x000000001a0059d8       0x18 ./out/lib/ext_drivers.a(chip_18xx_43xx.o)
                0x000000001a0059d8                SystemCoreClockUpdate
 .text.ClearEvent
                0x000000001a0059f0      0x120 ./out/lib/rtos.a(ClearEvent.o)
                0x000000001a0059f0                ClearEvent
 .text.GetTaskID
                0x000000001a005b10       0x24 ./out/lib/rtos.a(GetTaskID.o)
                0x000000001a005b10                GetTaskID
 .text.WaitEvent
                0x000000001a005b34      0x244 ./out/lib/rtos.a(WaitEvent.o)
                0x000000001a005b34                WaitEvent
 .text.ciaaLibs_circBufInit
                0x000000001a005d78       0x5c ./out/lib/libs.a(ciaaLibs_CircBuf.o)
                0x000000001a005d78                ciaaLibs_circBufInit
 .text.ciaaLibs_circBufPut
                0x000000001a005dd4       0xcc ./out/lib/libs.a(ciaaLibs_CircBuf.o)
                0x000000001a005dd4                ciaaLibs_circBufPut
 .text.ciaaLibs_circBufGet
                0x000000001a005ea0       0xc4 ./out/lib/libs.a(ciaaLibs_CircBuf.o)
                0x000000001a005ea0                ciaaLibs_circBufGet
 .text.memset   0x000000001a005f64       0x9c /usr/bin/../lib/gcc/arm-none-eabi/4.9.3/../../../../arm-none-eabi/lib/armv7e-m/softfp/libc.a(lib_a-memset.o)
                0x000000001a005f64                memset
 *(.rodata .rodata.* .constdata .constdata.*)
 .rodata        0x000000001a006000        0xf ./out/obj/leds.o
 *fill*         0x000000001a00600f        0x1 
 .rodata        0x000000001a006010        0xe ./out/obj/teclado.o
 *fill*         0x000000001a00601e        0x2 
 .rodata        0x000000001a006020       0x56 ./out/obj/teclas.o
 *fill*         0x000000001a006076        0x2 
 .rodata        0x000000001a006078       0x34 ./out/lib/posix.a(ciaaPOSIX_stdio.o)
 .rodata        0x000000001a0060ac       0x29 ./out/lib/posix.a(ciaaPOSIX_assert.o)
 *fill*         0x000000001a0060d5        0x3 
 .rodata.ciaaPOSIX_assert_msg
                0x000000001a0060d8        0x4 ./out/lib/posix.a(ciaaPOSIX_assert.o)
                0x000000001a0060d8                ciaaPOSIX_assert_msg
 .rodata        0x000000001a0060dc       0x1d ./out/lib/ciaak.a(ciaak_main.o)
 *fill*         0x000000001a0060f9        0x3 
 .rodata        0x000000001a0060fc       0x22 ./out/lib/drivers.a(ciaaDriverAio.o)
 *fill*         0x000000001a00611e        0x2 
 .rodata.ciaaAioDevices
                0x000000001a006120        0xc ./out/lib/drivers.a(ciaaDriverAio.o)
 .rodata.ciaaDriverDio_Inputs
                0x000000001a00612c       0x20 ./out/lib/drivers.a(ciaaDriverDio.o)
                0x000000001a00612c                ciaaDriverDio_Inputs
 .rodata.ciaaDriverDio_Outputs
                0x000000001a00614c       0x48 ./out/lib/drivers.a(ciaaDriverDio.o)
                0x000000001a00614c                ciaaDriverDio_Outputs
 .rodata        0x000000001a006194        0xe ./out/lib/drivers.a(ciaaDriverDio.o)
 *fill*         0x000000001a0061a2        0x2 
 .rodata.ciaaDioDevices
                0x000000001a0061a4        0x8 ./out/lib/drivers.a(ciaaDriverDio.o)
 .rodata        0x000000001a0061ac       0x17 ./out/lib/drivers.a(ciaaDriverUart.o)
 *fill*         0x000000001a0061c3        0x1 
 .rodata.ciaaUartDevices
                0x000000001a0061c4        0xc ./out/lib/drivers.a(ciaaDriverUart.o)
 .rodata.periph_to_base
                0x000000001a0061d0       0x6c ./out/lib/ext_drivers.a(clock_18xx_43xx.o)
 .rodata        0x000000001a00623c        0xa ./out/lib/ext_drivers.a(clock_18xx_43xx.o)
 *fill*         0x000000001a006246        0x2 
 .rodata.GPDMA_LUTPerBurst
                0x000000001a006248       0x1e ./out/lib/ext_drivers.a(gpdma_18xx_43xx.o)
 *fill*         0x000000001a006266        0x2 
 .rodata.GPDMA_LUTPerWid
                0x000000001a006268       0x1e ./out/lib/ext_drivers.a(gpdma_18xx_43xx.o)
 *fill*         0x000000001a006286        0x2 
 .rodata.ExtRateIn
                0x000000001a006288        0x4 ./out/lib/ext_drivers.a(sysinit.o)
                0x000000001a006288                ExtRateIn
 .rodata.OscRateIn
                0x000000001a00628c        0x4 ./out/lib/ext_drivers.a(sysinit.o)
                0x000000001a00628c                OscRateIn
 .rodata.UART_PClock
                0x000000001a006290        0x8 ./out/lib/ext_drivers.a(uart_18xx_43xx.o)
 .rodata.UART_BClock
                0x000000001a006298        0x8 ./out/lib/ext_drivers.a(uart_18xx_43xx.o)
 .rodata.InitClkStates
                0x000000001a0062a0       0x48 ./out/lib/ext_drivers.a(sysinit_18xx_43xx.o)
 .rodata.OSEK_ALARMLIST_HardwareCounter
                0x000000001a0062e8        0x2 ./out/lib/rtos.a(Os_Internal_Cfg.o)
                0x000000001a0062e8                OSEK_ALARMLIST_HardwareCounter
 *fill*         0x000000001a0062ea        0x2 
 .rodata.TasksConst
                0x000000001a0062ec       0x54 ./out/lib/rtos.a(Os_Internal_Cfg.o)
                0x000000001a0062ec                TasksConst
 .rodata.TasksAppModeAppMode1
                0x000000001a006340        0x1 ./out/lib/rtos.a(Os_Internal_Cfg.o)
                0x000000001a006340                TasksAppModeAppMode1
 *fill*         0x000000001a006341        0x3 
 .rodata.AutoStart
                0x000000001a006344        0x8 ./out/lib/rtos.a(Os_Internal_Cfg.o)
                0x000000001a006344                AutoStart
 .rodata.ReadyConst
                0x000000001a00634c       0x18 ./out/lib/rtos.a(Os_Internal_Cfg.o)
                0x000000001a00634c                ReadyConst
 .rodata.ResourcesPriority
                0x000000001a006364        0x2 ./out/lib/rtos.a(Os_Internal_Cfg.o)
                0x000000001a006364                ResourcesPriority
 *fill*         0x000000001a006366        0x2 
 .rodata.AlarmsConst
                0x000000001a006368       0x28 ./out/lib/rtos.a(Os_Internal_Cfg.o)
                0x000000001a006368                AlarmsConst
 .rodata.AutoStartAlarm
                0x000000001a006390       0x18 ./out/lib/rtos.a(Os_Internal_Cfg.o)
                0x000000001a006390                AutoStartAlarm
 .rodata.CountersConst
                0x000000001a0063a8       0x14 ./out/lib/rtos.a(Os_Internal_Cfg.o)
                0x000000001a0063a8                CountersConst
 .rodata        0x000000001a0063bc       0x5d ./out/lib/posix.a(ciaaDioDevices.o)
 *fill*         0x000000001a006419        0x3 
 .rodata        0x000000001a00641c       0xa0 ./out/lib/posix.a(ciaaSerialDevices.o)
                0x000000001a0064bc                . = ALIGN (0x4)

.glue_7         0x000000001a0064bc        0x0
 .glue_7        0x0000000000000000        0x0 linker stubs

.glue_7t        0x000000001a0064bc        0x0
 .glue_7t       0x0000000000000000        0x0 linker stubs

.vfp11_veneer   0x000000001a0064bc        0x0
 .vfp11_veneer  0x0000000000000000        0x0 linker stubs

.v4_bx          0x000000001a0064bc        0x0
 .v4_bx         0x0000000000000000        0x0 linker stubs

.iplt           0x000000001a0064bc        0x0
 .iplt          0x0000000000000000        0x0 ./out/obj/leds.o

.rel.dyn        0x000000001a0064bc        0x0
 .rel.iplt      0x0000000000000000        0x0 ./out/obj/leds.o

.ARM.extab
 *(.ARM.extab* .gnu.linkonce.armextab.*)
                0x000000001a0064bc                __exidx_start = .

.ARM.exidx
 *(.ARM.exidx* .gnu.linkonce.armexidx.*)
                0x000000001a0064bc                __exidx_end = .
                0x000000001a0064bc                _etext = .

.data_RAM2      0x0000000010080000        0x0 load address 0x000000001a0064bc
 FILL mask 0xff
 *(.ramfunc.$RAM2)
 *(.ramfunc.$RamLoc40)
 *(.data.$RAM2*)
 *(.data.$RamLoc40*)
                0x0000000010080000                . = ALIGN (0x4)

.data_RAM3      0x0000000020000000        0x0 load address 0x000000001a0064bc
 FILL mask 0xff
 *(.ramfunc.$RAM3)
 *(.ramfunc.$RamAHB32)
 *(.data.$RAM3*)
 *(.data.$RamAHB32*)
                0x0000000020000000                . = ALIGN (0x4)

.data_RAM4      0x0000000020008000        0x0 load address 0x000000001a0064bc
 FILL mask 0xff
 *(.ramfunc.$RAM4)
 *(.ramfunc.$RamAHB16)
 *(.data.$RAM4*)
 *(.data.$RamAHB16*)
                0x0000000020008000                . = ALIGN (0x4)

.data_RAM5      0x000000002000c000        0x0 load address 0x000000001a0064bc
 FILL mask 0xff
 *(.ramfunc.$RAM5)
 *(.ramfunc.$RamAHB_ETB16)
 *(.data.$RAM5*)
 *(.data.$RamAHB_ETB16*)
                0x000000002000c000                . = ALIGN (0x4)

.uninit_RESERVED
                0x0000000010000000        0x0
 *(.bss.$RESERVED*)
                0x0000000010000000                . = ALIGN (0x4)
                0x0000000010000000                _end_uninit_RESERVED = .

.data           0x0000000010000000      0x1c0 load address 0x000000001a0064bc
 FILL mask 0xff
                0x0000000010000000                _data = .
 *(vtable)
 *(.ramfunc*)
 *(.data*)
 .data.ciaaDriverAio_in0
                0x0000000010000000       0x28 ./out/lib/drivers.a(ciaaDriverAio.o)
 .data.ciaaDriverAio_in1
                0x0000000010000028       0x28 ./out/lib/drivers.a(ciaaDriverAio.o)
 .data.ciaaDriverAio_out0
                0x0000000010000050       0x28 ./out/lib/drivers.a(ciaaDriverAio.o)
 .data.ciaaDriverDio_in0
                0x0000000010000078       0x28 ./out/lib/drivers.a(ciaaDriverDio.o)
 .data.ciaaDriverDio_out0
                0x00000000100000a0       0x28 ./out/lib/drivers.a(ciaaDriverDio.o)
 .data.ciaaDriverUart_device0
                0x00000000100000c8       0x28 ./out/lib/drivers.a(ciaaDriverUart.o)
 .data.ciaaDriverUart_device1
                0x00000000100000f0       0x28 ./out/lib/drivers.a(ciaaDriverUart.o)
 .data.ciaaDriverUart_device2
                0x0000000010000118       0x28 ./out/lib/drivers.a(ciaaDriverUart.o)
 .data.GPDMA_LUTPerAddr
                0x0000000010000140       0x78 ./out/lib/ext_drivers.a(gpdma_18xx_43xx.o)
 .data.TerminatingTask
                0x00000000100001b8        0x1 ./out/lib/rtos.a(Os_Internal_Arch.o)
                0x00000000100001b8                TerminatingTask
 .data.WaitingTask
                0x00000000100001b9        0x1 ./out/lib/rtos.a(Os_Internal_Arch.o)
                0x00000000100001b9                WaitingTask
 *fill*         0x00000000100001ba        0x2 
 .data.CounterIncrement.4333
                0x00000000100001bc        0x4 ./out/lib/rtos.a(Os_Internal_Arch.o)
                0x00000000100001c0                . = ALIGN (0x4)
                0x00000000100001c0                _edata = .

.igot.plt       0x00000000100001c0        0x0 load address 0x000000001a00667c
 .igot.plt      0x0000000000000000        0x0 ./out/obj/leds.o

.bss_RAM2       0x0000000010080000        0x0
 *(.bss.$RAM2*)
 *(.bss.$RamLoc40*)
                0x0000000010080000                . = ALIGN (0x4)

.bss_RAM3       0x0000000020000000        0x0
 *(.bss.$RAM3*)
 *(.bss.$RamAHB32*)
                0x0000000020000000                . = ALIGN (0x4)

.bss_RAM4       0x0000000020008000        0x0
 *(.bss.$RAM4*)
 *(.bss.$RamAHB16*)
                0x0000000020008000                . = ALIGN (0x4)

.bss_RAM5       0x000000002000c000        0x0
 *(.bss.$RAM5*)
 *(.bss.$RamAHB_ETB16*)
                0x000000002000c000                . = ALIGN (0x4)

.bss            0x00000000100001c0     0x34a8
                0x00000000100001c0                _bss = .
 *(.bss*)
 .bss.fd_out    0x00000000100001c0        0x4 ./out/obj/leds.o
 .bss.fd_in     0x00000000100001c4        0x4 ./out/obj/teclado.o
 .bss.estadoTeclas
                0x00000000100001c8        0x1 ./out/obj/teclado.o
 .bss.teclasFlancoUP
                0x00000000100001c9        0x1 ./out/obj/teclado.o
 *fill*         0x00000000100001ca        0x2 
 .bss.ciaaDevices
                0x00000000100001cc       0x54 ./out/lib/posix.a(ciaaDevices.o)
 .bss.audio_usb_pll_freq
                0x0000000010000220        0x8 ./out/lib/ext_drivers.a(clock_18xx_43xx.o)
 .bss.ChannelHandlerArray
                0x0000000010000228        0x8 ./out/lib/ext_drivers.a(gpdma_18xx_43xx.o)
 .bss.ciaaPOSIX_buffer
                0x0000000010000230     0x2710 ./out/lib/posix.a(ciaaPOSIX_stdlib.o)
 *(COMMON)
 COMMON         0x0000000010002940       0x15 ./out/obj/myFunctions.o
                0x0000000010002940                tiltFrec
                0x0000000010002944                ultimoLed
                0x0000000010002948                tiltCounter
                0x000000001000294c                teclas
                0x0000000010002950                fd_out
                0x0000000010002954                tiltLed
 *fill*         0x0000000010002955        0x3 
 COMMON         0x0000000010002958       0x50 ./out/lib/posix.a(ciaaPOSIX_stdio.o)
                0x0000000010002958                ciaaPOSIX_stdio_fildes
 COMMON         0x00000000100029a8       0x84 ./out/lib/drivers.a(ciaaDriverAio.o)
                0x00000000100029a8                aioControl
 COMMON         0x0000000010002a2c       0x33 ./out/lib/drivers.a(ciaaDriverUart.o)
                0x0000000010002a2c                uartControl
 COMMON         0x0000000010002a5f        0x3 ./out/lib/rtos.a(Os.o)
                0x0000000010002a5f                DisableAllInterrupts_Counter
                0x0000000010002a60                SuspendAllInterrupts_Counter
                0x0000000010002a61                SuspendOSInterrupts_Counter
 COMMON         0x0000000010002a62        0x2 ./out/lib/rtos.a(Os_Internal.o)
                0x0000000010002a62                RunningTask
                0x0000000010002a63                ActualContext
 COMMON         0x0000000010002a64        0x8 ./out/lib/rtos.a(Os_Internal_Arch.o)
                0x0000000010002a64                Osek_OldTaskPtr_Arch
                0x0000000010002a68                Osek_NewTaskPtr_Arch
 COMMON         0x0000000010002a6c       0x14 ./out/lib/rtos.a(Os_Cfg.o)
                0x0000000010002a6c                Osek_ErrorRet
                0x0000000010002a70                Osek_ErrorApi
                0x0000000010002a74                Osek_ErrorParam3
                0x0000000010002a78                Osek_ErrorParam1
                0x0000000010002a7c                Osek_ErrorParam2
 COMMON         0x0000000010002a80      0x67c ./out/lib/rtos.a(Os_Internal_Cfg.o)
                0x0000000010002a80                ReadyList0
                0x0000000010002a81                ApplicationMode
                0x0000000010002a84                StackTaskInitTask
                0x0000000010002c84                ReadyVar
                0x0000000010002c8c                AlarmsVar
                0x0000000010002ca4                ReadyList1
                0x0000000010002ca8                ContextTaskInitTask
                0x0000000010002cac                ErrorHookRunning
                0x0000000010002cb0                CountersVar
                0x0000000010002cb4                TasksVar
                0x0000000010002cf0                StackTaskTecladoTask
                0x0000000010002ef0                ContextTaskTecladoTask
                0x0000000010002ef4                ReadyList2
                0x0000000010002ef8                StackTaskLedsTask
                0x00000000100030f8                ContextTaskLedsTask
 COMMON         0x00000000100030fc      0x144 ./out/lib/posix.a(ciaaBlockDevices.o)
                0x00000000100030fc                ciaaBlockDevices
 COMMON         0x0000000010003240       0x54 ./out/lib/posix.a(ciaaDioDevices.o)
                0x0000000010003240                ciaaDioDevices
 COMMON         0x0000000010003294        0x5 ./out/lib/posix.a(ciaaPOSIX_stdlib.o)
                0x0000000010003294                first_chunk_header
                0x0000000010003298                ciaaPOSIX_stdlib_sem
 *fill*         0x0000000010003299        0x3 
 COMMON         0x000000001000329c      0x3c4 ./out/lib/posix.a(ciaaSerialDevices.o)
                0x000000001000329c                ciaaSerialDevices
 COMMON         0x0000000010003660        0x2 ./out/lib/posix.a(ciaaPOSIX_errno.o)
                0x0000000010003660                ciaaPOSIX_errno
 *fill*         0x0000000010003662        0x2 
 COMMON         0x0000000010003664        0x4 ./out/lib/ext_drivers.a(chip_18xx_43xx.o)
                0x0000000010003664                SystemCoreClock
                0x0000000010003668                . = ALIGN (0x4)
                0x0000000010003668                _ebss = .
                0x0000000010003668                PROVIDE (end, .)

.noinit_RAM2    0x0000000010080000        0x0
 *(.noinit.$RAM2*)
 *(.noinit.$RamLoc40*)
                0x0000000010080000                . = ALIGN (0x4)

.noinit_RAM3    0x0000000020000000        0x0
 *(.noinit.$RAM3*)
 *(.noinit.$RamAHB32*)
                0x0000000020000000                . = ALIGN (0x4)

.noinit_RAM4    0x0000000020008000        0x0
 *(.noinit.$RAM4*)
 *(.noinit.$RamAHB16*)
                0x0000000020008000                . = ALIGN (0x4)

.noinit_RAM5    0x000000002000c000        0x0
 *(.noinit.$RAM5*)
 *(.noinit.$RamAHB_ETB16*)
                0x000000002000c000                . = ALIGN (0x4)

.noinit         0x0000000010003668        0x0
                0x0000000010003668                _noinit = .
 *(.noinit*)
                0x0000000010003668                . = ALIGN (0x4)
                0x0000000010003668                _end_noinit = .
                0x0000000010003668                PROVIDE (_pvHeapStart, .)
                0x0000000010008000                PROVIDE (_vStackTop, (__top_RamLoc32 - 0x0))
OUTPUT(./out/bin/trabajo_final.axf elf32-littlearm)

.debug_info     0x0000000000000000    0x1147b
 .debug_info    0x0000000000000000       0xfe ./out/obj/leds.o
 .debug_info    0x00000000000000fe      0x151 ./out/obj/myFunctions.o
 .debug_info    0x000000000000024f      0x13a ./out/obj/teclado.o
 .debug_info    0x0000000000000389      0x1ad ./out/obj/teclas.o
 .debug_info    0x0000000000000536       0x3f ./out/obj/crp.o
 .debug_info    0x0000000000000575      0x5aa ./out/lib/posix.a(ciaaPOSIX_stdio.o)
 .debug_info    0x0000000000000b1f      0x312 ./out/lib/posix.a(ciaaPOSIX_string.o)
 .debug_info    0x0000000000000e31      0x390 ./out/lib/posix.a(ciaaDevices.o)
 .debug_info    0x00000000000011c1       0x4a ./out/lib/posix.a(ciaaPOSIX_assert.o)
 .debug_info    0x000000000000120b       0xce ./out/lib/ciaak.a(ciaak_main.o)
 .debug_info    0x00000000000012d9     0x177c ./out/lib/drivers.a(ciaaDriverAio.o)
 .debug_info    0x0000000000002a55      0xf6c ./out/lib/drivers.a(ciaaDriverDio.o)
 .debug_info    0x00000000000039c1      0x423 ./out/lib/drivers.a(ciaaDriverFlash.o)
 .debug_info    0x0000000000003de4     0x10a6 ./out/lib/drivers.a(ciaaDriverUart.o)
 .debug_info    0x0000000000004e8a      0x982 ./out/lib/ext_drivers.a(adc_18xx_43xx.o)
 .debug_info    0x000000000000580c     0x158f ./out/lib/ext_drivers.a(clock_18xx_43xx.o)
 .debug_info    0x0000000000006d9b      0x1c3 ./out/lib/ext_drivers.a(cr_startup_lpc43xx.o)
 .debug_info    0x0000000000006f5e      0x3d1 ./out/lib/ext_drivers.a(dac_18xx_43xx.o)
 .debug_info    0x000000000000732f     0x160d ./out/lib/ext_drivers.a(gpdma_18xx_43xx.o)
 .debug_info    0x000000000000893c      0x44c ./out/lib/ext_drivers.a(gpio_18xx_43xx.o)
 .debug_info    0x0000000000008d88      0x5c0 ./out/lib/ext_drivers.a(sysinit.o)
 .debug_info    0x0000000000009348     0x10d8 ./out/lib/ext_drivers.a(uart_18xx_43xx.o)
 .debug_info    0x000000000000a420      0x145 ./out/lib/ext_drivers.a(fpu_init.o)
 .debug_info    0x000000000000a565      0x902 ./out/lib/ext_drivers.a(sysinit_18xx_43xx.o)
 .debug_info    0x000000000000ae67      0x32a ./out/lib/rtos.a(GetResource.o)
 .debug_info    0x000000000000b191       0x99 ./out/lib/rtos.a(Os.o)
 .debug_info    0x000000000000b22a      0x7aa ./out/lib/rtos.a(Os_Internal.o)
 .debug_info    0x000000000000b9d4      0x367 ./out/lib/rtos.a(ReleaseResource.o)
 .debug_info    0x000000000000bd3b      0x375 ./out/lib/rtos.a(Schedule.o)
 .debug_info    0x000000000000c0b0      0x343 ./out/lib/rtos.a(SetEvent.o)
 .debug_info    0x000000000000c3f3       0x8d ./out/lib/rtos.a(ShutdownOS.o)
 .debug_info    0x000000000000c480      0x226 ./out/lib/rtos.a(StartOS.o)
 .debug_info    0x000000000000c6a6      0x214 ./out/lib/rtos.a(TerminateTask.o)
 .debug_info    0x000000000000c8ba      0x32b ./out/lib/rtos.a(Os_Internal_Arch.o)
 .debug_info    0x000000000000cbe5       0x9e ./out/lib/rtos.a(StartOs_Arch.o)
 .debug_info    0x000000000000cc83      0x601 ./out/lib/rtos.a(StartOs_Arch_SysTick.o)
 .debug_info    0x000000000000d284       0xaf ./out/lib/rtos.a(Os_Cfg.o)
 .debug_info    0x000000000000d333      0x7a0 ./out/lib/rtos.a(Os_Internal_Cfg.o)
 .debug_info    0x000000000000dad3      0x646 ./out/lib/rtos.a(Os_Internal_Arch_Cfg.o)
 .debug_info    0x000000000000e119      0x31e ./out/lib/rtos.a(ActivateTask.o)
 .debug_info    0x000000000000e437      0x351 ./out/lib/rtos.a(SetRelAlarm.o)
 .debug_info    0x000000000000e788       0x6a ./out/lib/rtos.a(PendSV.o)
 .debug_info    0x000000000000e7f2      0x6dd ./out/lib/posix.a(ciaaBlockDevices.o)
 .debug_info    0x000000000000eecf      0x559 ./out/lib/posix.a(ciaaDioDevices.o)
 .debug_info    0x000000000000f428      0x262 ./out/lib/posix.a(ciaaPOSIX_stdlib.o)
 .debug_info    0x000000000000f68a      0x818 ./out/lib/posix.a(ciaaSerialDevices.o)
 .debug_info    0x000000000000fea2       0x8f ./out/lib/posix.a(ciaaPOSIX_errno.o)
 .debug_info    0x000000000000ff31      0x13b ./out/lib/posix.a(ciaaPOSIX_semaphore.o)
 .debug_info    0x000000000001006c      0xa3b ./out/lib/ext_drivers.a(chip_18xx_43xx.o)
 .debug_info    0x0000000000010aa7      0x31f ./out/lib/rtos.a(ClearEvent.o)
 .debug_info    0x0000000000010dc6       0xbe ./out/lib/rtos.a(GetTaskID.o)
 .debug_info    0x0000000000010e84      0x35d ./out/lib/rtos.a(WaitEvent.o)
 .debug_info    0x00000000000111e1      0x29a ./out/lib/libs.a(ciaaLibs_CircBuf.o)

.debug_abbrev   0x0000000000000000     0x3aed
 .debug_abbrev  0x0000000000000000       0x8a ./out/obj/leds.o
 .debug_abbrev  0x000000000000008a       0x99 ./out/obj/myFunctions.o
 .debug_abbrev  0x0000000000000123       0xa6 ./out/obj/teclado.o
 .debug_abbrev  0x00000000000001c9       0xb7 ./out/obj/teclas.o
 .debug_abbrev  0x0000000000000280       0x36 ./out/obj/crp.o
 .debug_abbrev  0x00000000000002b6      0x1a1 ./out/lib/posix.a(ciaaPOSIX_stdio.o)
 .debug_abbrev  0x0000000000000457      0x102 ./out/lib/posix.a(ciaaPOSIX_string.o)
 .debug_abbrev  0x0000000000000559      0x11b ./out/lib/posix.a(ciaaDevices.o)
 .debug_abbrev  0x0000000000000674       0x3f ./out/lib/posix.a(ciaaPOSIX_assert.o)
 .debug_abbrev  0x00000000000006b3       0x91 ./out/lib/ciaak.a(ciaak_main.o)
 .debug_abbrev  0x0000000000000744      0x2e8 ./out/lib/drivers.a(ciaaDriverAio.o)
 .debug_abbrev  0x0000000000000a2c      0x298 ./out/lib/drivers.a(ciaaDriverDio.o)
 .debug_abbrev  0x0000000000000cc4       0xd3 ./out/lib/drivers.a(ciaaDriverFlash.o)
 .debug_abbrev  0x0000000000000d97      0x2a7 ./out/lib/drivers.a(ciaaDriverUart.o)
 .debug_abbrev  0x000000000000103e      0x1b2 ./out/lib/ext_drivers.a(adc_18xx_43xx.o)
 .debug_abbrev  0x00000000000011f0      0x2c0 ./out/lib/ext_drivers.a(clock_18xx_43xx.o)
 .debug_abbrev  0x00000000000014b0       0xc0 ./out/lib/ext_drivers.a(cr_startup_lpc43xx.o)
 .debug_abbrev  0x0000000000001570       0xf0 ./out/lib/ext_drivers.a(dac_18xx_43xx.o)
 .debug_abbrev  0x0000000000001660      0x225 ./out/lib/ext_drivers.a(gpdma_18xx_43xx.o)
 .debug_abbrev  0x0000000000001885      0x111 ./out/lib/ext_drivers.a(gpio_18xx_43xx.o)
 .debug_abbrev  0x0000000000001996       0xc1 ./out/lib/ext_drivers.a(sysinit.o)
 .debug_abbrev  0x0000000000001a57      0x2ac ./out/lib/ext_drivers.a(uart_18xx_43xx.o)
 .debug_abbrev  0x0000000000001d03       0x84 ./out/lib/ext_drivers.a(fpu_init.o)
 .debug_abbrev  0x0000000000001d87      0x181 ./out/lib/ext_drivers.a(sysinit_18xx_43xx.o)
 .debug_abbrev  0x0000000000001f08       0xfd ./out/lib/rtos.a(GetResource.o)
 .debug_abbrev  0x0000000000002005       0x47 ./out/lib/rtos.a(Os.o)
 .debug_abbrev  0x000000000000204c      0x1c6 ./out/lib/rtos.a(Os_Internal.o)
 .debug_abbrev  0x0000000000002212      0x10c ./out/lib/rtos.a(ReleaseResource.o)
 .debug_abbrev  0x000000000000231e      0x11c ./out/lib/rtos.a(Schedule.o)
 .debug_abbrev  0x000000000000243a       0xfd ./out/lib/rtos.a(SetEvent.o)
 .debug_abbrev  0x0000000000002537       0x61 ./out/lib/rtos.a(ShutdownOS.o)
 .debug_abbrev  0x0000000000002598       0xfb ./out/lib/rtos.a(StartOS.o)
 .debug_abbrev  0x0000000000002693       0xd7 ./out/lib/rtos.a(TerminateTask.o)
 .debug_abbrev  0x000000000000276a      0x15d ./out/lib/rtos.a(Os_Internal_Arch.o)
 .debug_abbrev  0x00000000000028c7       0x79 ./out/lib/rtos.a(StartOs_Arch.o)
 .debug_abbrev  0x0000000000002940      0x157 ./out/lib/rtos.a(StartOs_Arch_SysTick.o)
 .debug_abbrev  0x0000000000002a97       0x3a ./out/lib/rtos.a(Os_Cfg.o)
 .debug_abbrev  0x0000000000002ad1       0xfa ./out/lib/rtos.a(Os_Internal_Cfg.o)
 .debug_abbrev  0x0000000000002bcb       0xc9 ./out/lib/rtos.a(Os_Internal_Arch_Cfg.o)
 .debug_abbrev  0x0000000000002c94       0xfd ./out/lib/rtos.a(ActivateTask.o)
 .debug_abbrev  0x0000000000002d91       0xfe ./out/lib/rtos.a(SetRelAlarm.o)
 .debug_abbrev  0x0000000000002e8f       0x14 ./out/lib/rtos.a(PendSV.o)
 .debug_abbrev  0x0000000000002ea3      0x1f8 ./out/lib/posix.a(ciaaBlockDevices.o)
 .debug_abbrev  0x000000000000309b      0x14c ./out/lib/posix.a(ciaaDioDevices.o)
 .debug_abbrev  0x00000000000031e7      0x11c ./out/lib/posix.a(ciaaPOSIX_stdlib.o)
 .debug_abbrev  0x0000000000003303      0x1e9 ./out/lib/posix.a(ciaaSerialDevices.o)
 .debug_abbrev  0x00000000000034ec       0x47 ./out/lib/posix.a(ciaaPOSIX_errno.o)
 .debug_abbrev  0x0000000000003533       0xab ./out/lib/posix.a(ciaaPOSIX_semaphore.o)
 .debug_abbrev  0x00000000000035de      0x148 ./out/lib/ext_drivers.a(chip_18xx_43xx.o)
 .debug_abbrev  0x0000000000003726       0xfd ./out/lib/rtos.a(ClearEvent.o)
 .debug_abbrev  0x0000000000003823       0x8c ./out/lib/rtos.a(GetTaskID.o)
 .debug_abbrev  0x00000000000038af      0x11c ./out/lib/rtos.a(WaitEvent.o)
 .debug_abbrev  0x00000000000039cb      0x122 ./out/lib/libs.a(ciaaLibs_CircBuf.o)

.debug_aranges  0x0000000000000000      0xe78
 .debug_aranges
                0x0000000000000000       0x28 ./out/obj/leds.o
 .debug_aranges
                0x0000000000000028       0x28 ./out/obj/myFunctions.o
 .debug_aranges
                0x0000000000000050       0x30 ./out/obj/teclado.o
 .debug_aranges
                0x0000000000000080       0x40 ./out/obj/teclas.o
 .debug_aranges
                0x00000000000000c0       0x18 ./out/obj/crp.o
 .debug_aranges
                0x00000000000000d8       0x58 ./out/lib/posix.a(ciaaPOSIX_stdio.o)
 .debug_aranges
                0x0000000000000130       0x58 ./out/lib/posix.a(ciaaPOSIX_string.o)
 .debug_aranges
                0x0000000000000188       0x30 ./out/lib/posix.a(ciaaDevices.o)
 .debug_aranges
                0x00000000000001b8       0x18 ./out/lib/posix.a(ciaaPOSIX_assert.o)
 .debug_aranges
                0x00000000000001d0       0x28 ./out/lib/ciaak.a(ciaak_main.o)
 .debug_aranges
                0x00000000000001f8       0xb8 ./out/lib/drivers.a(ciaaDriverAio.o)
 .debug_aranges
                0x00000000000002b0       0x98 ./out/lib/drivers.a(ciaaDriverDio.o)
 .debug_aranges
                0x0000000000000348       0x48 ./out/lib/drivers.a(ciaaDriverFlash.o)
 .debug_aranges
                0x0000000000000390       0xd0 ./out/lib/drivers.a(ciaaDriverUart.o)
 .debug_aranges
                0x0000000000000460       0x98 ./out/lib/ext_drivers.a(adc_18xx_43xx.o)
 .debug_aranges
                0x00000000000004f8      0x138 ./out/lib/ext_drivers.a(clock_18xx_43xx.o)
 .debug_aranges
                0x0000000000000630       0x30 ./out/lib/ext_drivers.a(cr_startup_lpc43xx.o)
 .debug_aranges
                0x0000000000000660       0x38 ./out/lib/ext_drivers.a(dac_18xx_43xx.o)
 .debug_aranges
                0x0000000000000698       0x90 ./out/lib/ext_drivers.a(gpdma_18xx_43xx.o)
 .debug_aranges
                0x0000000000000728       0x68 ./out/lib/ext_drivers.a(gpio_18xx_43xx.o)
 .debug_aranges
                0x0000000000000790       0x20 ./out/lib/ext_drivers.a(sysinit.o)
 .debug_aranges
                0x00000000000007b0      0x118 ./out/lib/ext_drivers.a(uart_18xx_43xx.o)
 .debug_aranges
                0x00000000000008c8       0x20 ./out/lib/ext_drivers.a(fpu_init.o)
 .debug_aranges
                0x00000000000008e8       0x50 ./out/lib/ext_drivers.a(sysinit_18xx_43xx.o)
 .debug_aranges
                0x0000000000000938       0x20 ./out/lib/rtos.a(GetResource.o)
 .debug_aranges
                0x0000000000000958       0x18 ./out/lib/rtos.a(Os.o)
 .debug_aranges
                0x0000000000000970       0x48 ./out/lib/rtos.a(Os_Internal.o)
 .debug_aranges
                0x00000000000009b8       0x20 ./out/lib/rtos.a(ReleaseResource.o)
 .debug_aranges
                0x00000000000009d8       0x20 ./out/lib/rtos.a(Schedule.o)
 .debug_aranges
                0x00000000000009f8       0x20 ./out/lib/rtos.a(SetEvent.o)
 .debug_aranges
                0x0000000000000a18       0x20 ./out/lib/rtos.a(ShutdownOS.o)
 .debug_aranges
                0x0000000000000a38       0x20 ./out/lib/rtos.a(StartOS.o)
 .debug_aranges
                0x0000000000000a58       0x20 ./out/lib/rtos.a(TerminateTask.o)
 .debug_aranges
                0x0000000000000a78       0x38 ./out/lib/rtos.a(Os_Internal_Arch.o)
 .debug_aranges
                0x0000000000000ab0       0x28 ./out/lib/rtos.a(StartOs_Arch.o)
 .debug_aranges
                0x0000000000000ad8       0x30 ./out/lib/rtos.a(StartOs_Arch_SysTick.o)
 .debug_aranges
                0x0000000000000b08       0x18 ./out/lib/rtos.a(Os_Cfg.o)
 .debug_aranges
                0x0000000000000b20       0x18 ./out/lib/rtos.a(Os_Internal_Cfg.o)
 .debug_aranges
                0x0000000000000b38       0x68 ./out/lib/rtos.a(Os_Internal_Arch_Cfg.o)
 .debug_aranges
                0x0000000000000ba0       0x20 ./out/lib/rtos.a(ActivateTask.o)
 .debug_aranges
                0x0000000000000bc0       0x20 ./out/lib/rtos.a(SetRelAlarm.o)
 .debug_aranges
                0x0000000000000be0       0x20 ./out/lib/rtos.a(PendSV.o)
 .debug_aranges
                0x0000000000000c00       0x68 ./out/lib/posix.a(ciaaBlockDevices.o)
 .debug_aranges
                0x0000000000000c68       0x50 ./out/lib/posix.a(ciaaDioDevices.o)
 .debug_aranges
                0x0000000000000cb8       0x38 ./out/lib/posix.a(ciaaPOSIX_stdlib.o)
 .debug_aranges
                0x0000000000000cf0       0x60 ./out/lib/posix.a(ciaaSerialDevices.o)
 .debug_aranges
                0x0000000000000d50       0x18 ./out/lib/posix.a(ciaaPOSIX_errno.o)
 .debug_aranges
                0x0000000000000d68       0x30 ./out/lib/posix.a(ciaaPOSIX_semaphore.o)
 .debug_aranges
                0x0000000000000d98       0x40 ./out/lib/ext_drivers.a(chip_18xx_43xx.o)
 .debug_aranges
                0x0000000000000dd8       0x20 ./out/lib/rtos.a(ClearEvent.o)
 .debug_aranges
                0x0000000000000df8       0x20 ./out/lib/rtos.a(GetTaskID.o)
 .debug_aranges
                0x0000000000000e18       0x20 ./out/lib/rtos.a(WaitEvent.o)
 .debug_aranges
                0x0000000000000e38       0x40 ./out/lib/libs.a(ciaaLibs_CircBuf.o)

.debug_ranges   0x0000000000000000      0xae8
 .debug_ranges  0x0000000000000000       0x18 ./out/obj/leds.o
 .debug_ranges  0x0000000000000018       0x18 ./out/obj/myFunctions.o
 .debug_ranges  0x0000000000000030       0x20 ./out/obj/teclado.o
 .debug_ranges  0x0000000000000050       0x30 ./out/obj/teclas.o
 .debug_ranges  0x0000000000000080       0x48 ./out/lib/posix.a(ciaaPOSIX_stdio.o)
 .debug_ranges  0x00000000000000c8       0x48 ./out/lib/posix.a(ciaaPOSIX_string.o)
 .debug_ranges  0x0000000000000110       0x20 ./out/lib/posix.a(ciaaDevices.o)
 .debug_ranges  0x0000000000000130       0x18 ./out/lib/ciaak.a(ciaak_main.o)
 .debug_ranges  0x0000000000000148       0xa8 ./out/lib/drivers.a(ciaaDriverAio.o)
 .debug_ranges  0x00000000000001f0       0x88 ./out/lib/drivers.a(ciaaDriverDio.o)
 .debug_ranges  0x0000000000000278       0x38 ./out/lib/drivers.a(ciaaDriverFlash.o)
 .debug_ranges  0x00000000000002b0       0xc0 ./out/lib/drivers.a(ciaaDriverUart.o)
 .debug_ranges  0x0000000000000370       0x88 ./out/lib/ext_drivers.a(adc_18xx_43xx.o)
 .debug_ranges  0x00000000000003f8      0x128 ./out/lib/ext_drivers.a(clock_18xx_43xx.o)
 .debug_ranges  0x0000000000000520       0x20 ./out/lib/ext_drivers.a(cr_startup_lpc43xx.o)
 .debug_ranges  0x0000000000000540       0x28 ./out/lib/ext_drivers.a(dac_18xx_43xx.o)
 .debug_ranges  0x0000000000000568       0x80 ./out/lib/ext_drivers.a(gpdma_18xx_43xx.o)
 .debug_ranges  0x00000000000005e8       0x58 ./out/lib/ext_drivers.a(gpio_18xx_43xx.o)
 .debug_ranges  0x0000000000000640       0x10 ./out/lib/ext_drivers.a(sysinit.o)
 .debug_ranges  0x0000000000000650      0x108 ./out/lib/ext_drivers.a(uart_18xx_43xx.o)
 .debug_ranges  0x0000000000000758       0x10 ./out/lib/ext_drivers.a(fpu_init.o)
 .debug_ranges  0x0000000000000768       0x40 ./out/lib/ext_drivers.a(sysinit_18xx_43xx.o)
 .debug_ranges  0x00000000000007a8       0x10 ./out/lib/rtos.a(GetResource.o)
 .debug_ranges  0x00000000000007b8       0x38 ./out/lib/rtos.a(Os_Internal.o)
 .debug_ranges  0x00000000000007f0       0x10 ./out/lib/rtos.a(ReleaseResource.o)
 .debug_ranges  0x0000000000000800       0x10 ./out/lib/rtos.a(Schedule.o)
 .debug_ranges  0x0000000000000810       0x10 ./out/lib/rtos.a(SetEvent.o)
 .debug_ranges  0x0000000000000820       0x10 ./out/lib/rtos.a(ShutdownOS.o)
 .debug_ranges  0x0000000000000830       0x10 ./out/lib/rtos.a(StartOS.o)
 .debug_ranges  0x0000000000000840       0x10 ./out/lib/rtos.a(TerminateTask.o)
 .debug_ranges  0x0000000000000850       0x28 ./out/lib/rtos.a(Os_Internal_Arch.o)
 .debug_ranges  0x0000000000000878       0x18 ./out/lib/rtos.a(StartOs_Arch.o)
 .debug_ranges  0x0000000000000890       0x20 ./out/lib/rtos.a(StartOs_Arch_SysTick.o)
 .debug_ranges  0x00000000000008b0       0x58 ./out/lib/rtos.a(Os_Internal_Arch_Cfg.o)
 .debug_ranges  0x0000000000000908       0x10 ./out/lib/rtos.a(ActivateTask.o)
 .debug_ranges  0x0000000000000918       0x10 ./out/lib/rtos.a(SetRelAlarm.o)
 .debug_ranges  0x0000000000000928       0x58 ./out/lib/posix.a(ciaaBlockDevices.o)
 .debug_ranges  0x0000000000000980       0x40 ./out/lib/posix.a(ciaaDioDevices.o)
 .debug_ranges  0x00000000000009c0       0x28 ./out/lib/posix.a(ciaaPOSIX_stdlib.o)
 .debug_ranges  0x00000000000009e8       0x50 ./out/lib/posix.a(ciaaSerialDevices.o)
 .debug_ranges  0x0000000000000a38       0x20 ./out/lib/posix.a(ciaaPOSIX_semaphore.o)
 .debug_ranges  0x0000000000000a58       0x30 ./out/lib/ext_drivers.a(chip_18xx_43xx.o)
 .debug_ranges  0x0000000000000a88       0x10 ./out/lib/rtos.a(ClearEvent.o)
 .debug_ranges  0x0000000000000a98       0x10 ./out/lib/rtos.a(GetTaskID.o)
 .debug_ranges  0x0000000000000aa8       0x10 ./out/lib/rtos.a(WaitEvent.o)
 .debug_ranges  0x0000000000000ab8       0x30 ./out/lib/libs.a(ciaaLibs_CircBuf.o)

.debug_macro    0x0000000000000000     0xa3a2
 .debug_macro   0x0000000000000000      0x1c4 ./out/obj/leds.o
 .debug_macro   0x00000000000001c4      0x886 ./out/obj/leds.o
 .debug_macro   0x0000000000000a4a       0x22 ./out/obj/leds.o
 .debug_macro   0x0000000000000a6c       0x3b ./out/obj/leds.o
 .debug_macro   0x0000000000000aa7       0x6b ./out/obj/leds.o
 .debug_macro   0x0000000000000b12       0x12 ./out/obj/leds.o
 .debug_macro   0x0000000000000b24       0x7d ./out/obj/leds.o
 .debug_macro   0x0000000000000ba1       0x28 ./out/obj/leds.o
 .debug_macro   0x0000000000000bc9      0x155 ./out/obj/leds.o
 .debug_macro   0x0000000000000d1e       0x84 ./out/obj/leds.o
 .debug_macro   0x0000000000000da2       0x22 ./out/obj/leds.o
 .debug_macro   0x0000000000000dc4       0x44 ./out/obj/leds.o
 .debug_macro   0x0000000000000e08       0xe3 ./out/obj/leds.o
 .debug_macro   0x0000000000000eeb       0x22 ./out/obj/leds.o
 .debug_macro   0x0000000000000f0d      0x1df ./out/obj/leds.o
 .debug_macro   0x00000000000010ec      0x166 ./out/obj/leds.o
 .debug_macro   0x0000000000001252       0x58 ./out/obj/leds.o
 .debug_macro   0x00000000000012aa       0x35 ./out/obj/leds.o
 .debug_macro   0x00000000000012df       0x9c ./out/obj/leds.o
 .debug_macro   0x000000000000137b      0x29d ./out/obj/leds.o
 .debug_macro   0x0000000000001618       0x52 ./out/obj/leds.o
 .debug_macro   0x000000000000166a       0x16 ./out/obj/leds.o
 .debug_macro   0x0000000000001680       0x43 ./out/obj/leds.o
 .debug_macro   0x00000000000016c3       0x22 ./out/obj/leds.o
 .debug_macro   0x00000000000016e5       0xbe ./out/obj/leds.o
 .debug_macro   0x00000000000017a3       0x1c ./out/obj/leds.o
 .debug_macro   0x00000000000017bf       0xc8 ./out/obj/leds.o
 .debug_macro   0x0000000000001887       0x16 ./out/obj/leds.o
 .debug_macro   0x000000000000189d       0x84 ./out/obj/leds.o
 .debug_macro   0x0000000000001921       0x2e ./out/obj/leds.o
 .debug_macro   0x000000000000194f      0x1d1 ./out/obj/myFunctions.o
 .debug_macro   0x0000000000001b20       0x22 ./out/obj/myFunctions.o
 .debug_macro   0x0000000000001b42       0x34 ./out/obj/myFunctions.o
 .debug_macro   0x0000000000001b76      0x1c4 ./out/obj/teclado.o
 .debug_macro   0x0000000000001d3a      0x1e5 ./out/obj/teclas.o
 .debug_macro   0x0000000000001f1f       0x17 ./out/obj/crp.o
 .debug_macro   0x0000000000001f36      0x1eb ./out/lib/posix.a(ciaaPOSIX_stdio.o)
 .debug_macro   0x0000000000002121       0x22 ./out/lib/posix.a(ciaaPOSIX_stdio.o)
 .debug_macro   0x0000000000002143       0x16 ./out/lib/posix.a(ciaaPOSIX_stdio.o)
 .debug_macro   0x0000000000002159      0x136 ./out/lib/posix.a(ciaaPOSIX_string.o)
 .debug_macro   0x000000000000228f      0x174 ./out/lib/posix.a(ciaaDevices.o)
 .debug_macro   0x0000000000002403       0x11 ./out/lib/posix.a(ciaaPOSIX_assert.o)
 .debug_macro   0x0000000000002414      0x1c2 ./out/lib/ciaak.a(ciaak_main.o)
 .debug_macro   0x00000000000025d6       0x10 ./out/lib/ciaak.a(ciaak_main.o)
 .debug_macro   0x00000000000025e6       0x10 ./out/lib/ciaak.a(ciaak_main.o)
 .debug_macro   0x00000000000025f6      0x488 ./out/lib/drivers.a(ciaaDriverAio.o)
 .debug_macro   0x0000000000002a7e       0x10 ./out/lib/drivers.a(ciaaDriverAio.o)
 .debug_macro   0x0000000000002a8e       0x22 ./out/lib/drivers.a(ciaaDriverAio.o)
 .debug_macro   0x0000000000002ab0       0x5f ./out/lib/drivers.a(ciaaDriverAio.o)
 .debug_macro   0x0000000000002b0f       0x28 ./out/lib/drivers.a(ciaaDriverAio.o)
 .debug_macro   0x0000000000002b37       0x3b ./out/lib/drivers.a(ciaaDriverAio.o)
 .debug_macro   0x0000000000002b72       0x2d ./out/lib/drivers.a(ciaaDriverAio.o)
 .debug_macro   0x0000000000002b9f       0x42 ./out/lib/drivers.a(ciaaDriverAio.o)
 .debug_macro   0x0000000000002be1      0xd39 ./out/lib/drivers.a(ciaaDriverAio.o)
 .debug_macro   0x000000000000391a      0x2bc ./out/lib/drivers.a(ciaaDriverAio.o)
 .debug_macro   0x0000000000003bd6      0x112 ./out/lib/drivers.a(ciaaDriverAio.o)
 .debug_macro   0x0000000000003ce8       0x11 ./out/lib/drivers.a(ciaaDriverAio.o)
 .debug_macro   0x0000000000003cf9       0x2a ./out/lib/drivers.a(ciaaDriverAio.o)
 .debug_macro   0x0000000000003d23       0x16 ./out/lib/drivers.a(ciaaDriverAio.o)
 .debug_macro   0x0000000000003d39      0x2e6 ./out/lib/drivers.a(ciaaDriverAio.o)
 .debug_macro   0x000000000000401f       0x82 ./out/lib/drivers.a(ciaaDriverAio.o)
 .debug_macro   0x00000000000040a1      0x13d ./out/lib/drivers.a(ciaaDriverAio.o)
 .debug_macro   0x00000000000041de      0x198 ./out/lib/drivers.a(ciaaDriverAio.o)
 .debug_macro   0x0000000000004376       0x34 ./out/lib/drivers.a(ciaaDriverAio.o)
 .debug_macro   0x00000000000043aa       0x58 ./out/lib/drivers.a(ciaaDriverAio.o)
 .debug_macro   0x0000000000004402      0x236 ./out/lib/drivers.a(ciaaDriverAio.o)
 .debug_macro   0x0000000000004638      0x572 ./out/lib/drivers.a(ciaaDriverAio.o)
 .debug_macro   0x0000000000004baa       0x16 ./out/lib/drivers.a(ciaaDriverAio.o)
 .debug_macro   0x0000000000004bc0      0x18a ./out/lib/drivers.a(ciaaDriverAio.o)
 .debug_macro   0x0000000000004d4a       0x88 ./out/lib/drivers.a(ciaaDriverAio.o)
 .debug_macro   0x0000000000004dd2      0x1b9 ./out/lib/drivers.a(ciaaDriverAio.o)
 .debug_macro   0x0000000000004f8b      0x1da ./out/lib/drivers.a(ciaaDriverAio.o)
 .debug_macro   0x0000000000005165       0x40 ./out/lib/drivers.a(ciaaDriverAio.o)
 .debug_macro   0x00000000000051a5       0x1c ./out/lib/drivers.a(ciaaDriverAio.o)
 .debug_macro   0x00000000000051c1       0x2e ./out/lib/drivers.a(ciaaDriverAio.o)
 .debug_macro   0x00000000000051ef       0x2e ./out/lib/drivers.a(ciaaDriverAio.o)
 .debug_macro   0x000000000000521d       0x22 ./out/lib/drivers.a(ciaaDriverAio.o)
 .debug_macro   0x000000000000523f      0x201 ./out/lib/drivers.a(ciaaDriverAio.o)
 .debug_macro   0x0000000000005440       0xe0 ./out/lib/drivers.a(ciaaDriverAio.o)
 .debug_macro   0x0000000000005520      0x34c ./out/lib/drivers.a(ciaaDriverAio.o)
 .debug_macro   0x000000000000586c       0xdc ./out/lib/drivers.a(ciaaDriverAio.o)
 .debug_macro   0x0000000000005948       0xc4 ./out/lib/drivers.a(ciaaDriverAio.o)
 .debug_macro   0x0000000000005a0c       0x94 ./out/lib/drivers.a(ciaaDriverAio.o)
 .debug_macro   0x0000000000005aa0       0xb8 ./out/lib/drivers.a(ciaaDriverAio.o)
 .debug_macro   0x0000000000005b58       0x4c ./out/lib/drivers.a(ciaaDriverAio.o)
 .debug_macro   0x0000000000005ba4       0x16 ./out/lib/drivers.a(ciaaDriverAio.o)
 .debug_macro   0x0000000000005bba      0x328 ./out/lib/drivers.a(ciaaDriverAio.o)
 .debug_macro   0x0000000000005ee2       0x3a ./out/lib/drivers.a(ciaaDriverAio.o)
 .debug_macro   0x0000000000005f1c       0xd0 ./out/lib/drivers.a(ciaaDriverAio.o)
 .debug_macro   0x0000000000005fec       0x11 ./out/lib/drivers.a(ciaaDriverAio.o)
 .debug_macro   0x0000000000005ffd       0x22 ./out/lib/drivers.a(ciaaDriverAio.o)
 .debug_macro   0x000000000000601f       0x40 ./out/lib/drivers.a(ciaaDriverAio.o)
 .debug_macro   0x000000000000605f      0x413 ./out/lib/drivers.a(ciaaDriverDio.o)
 .debug_macro   0x0000000000006472      0x138 ./out/lib/drivers.a(ciaaDriverFlash.o)
 .debug_macro   0x00000000000065aa      0x47e ./out/lib/drivers.a(ciaaDriverUart.o)
 .debug_macro   0x0000000000006a28      0x2f2 ./out/lib/ext_drivers.a(adc_18xx_43xx.o)
 .debug_macro   0x0000000000006d1a       0x66 ./out/lib/ext_drivers.a(adc_18xx_43xx.o)
 .debug_macro   0x0000000000006d80       0x18 ./out/lib/ext_drivers.a(adc_18xx_43xx.o)
 .debug_macro   0x0000000000006d98      0x2f8 ./out/lib/ext_drivers.a(clock_18xx_43xx.o)
 .debug_macro   0x0000000000007090       0x23 ./out/lib/ext_drivers.a(cr_startup_lpc43xx.o)
 .debug_macro   0x00000000000070b3      0x2f2 ./out/lib/ext_drivers.a(dac_18xx_43xx.o)
 .debug_macro   0x00000000000073a5      0x2f2 ./out/lib/ext_drivers.a(gpdma_18xx_43xx.o)
 .debug_macro   0x0000000000007697      0x2f2 ./out/lib/ext_drivers.a(gpio_18xx_43xx.o)
 .debug_macro   0x0000000000007989      0x2f2 ./out/lib/ext_drivers.a(sysinit.o)
 .debug_macro   0x0000000000007c7b      0x2f2 ./out/lib/ext_drivers.a(uart_18xx_43xx.o)
 .debug_macro   0x0000000000007f6d       0xd8 ./out/lib/ext_drivers.a(fpu_init.o)
 .debug_macro   0x0000000000008045      0x2f2 ./out/lib/ext_drivers.a(sysinit_18xx_43xx.o)
 .debug_macro   0x0000000000008337       0x9d ./out/lib/rtos.a(GetResource.o)
 .debug_macro   0x00000000000083d4       0x82 ./out/lib/rtos.a(GetResource.o)
 .debug_macro   0x0000000000008456       0x9c ./out/lib/rtos.a(GetResource.o)
 .debug_macro   0x00000000000084f2       0x90 ./out/lib/rtos.a(GetResource.o)
 .debug_macro   0x0000000000008582       0x9d ./out/lib/rtos.a(Os.o)
 .debug_macro   0x000000000000861f       0x9d ./out/lib/rtos.a(Os_Internal.o)
 .debug_macro   0x00000000000086bc       0x9d ./out/lib/rtos.a(ReleaseResource.o)
 .debug_macro   0x0000000000008759       0x9d ./out/lib/rtos.a(Schedule.o)
 .debug_macro   0x00000000000087f6       0x9d ./out/lib/rtos.a(SetEvent.o)
 .debug_macro   0x0000000000008893       0x9d ./out/lib/rtos.a(ShutdownOS.o)
 .debug_macro   0x0000000000008930       0x9d ./out/lib/rtos.a(StartOS.o)
 .debug_macro   0x00000000000089cd       0x9d ./out/lib/rtos.a(TerminateTask.o)
 .debug_macro   0x0000000000008a6a       0x9d ./out/lib/rtos.a(Os_Internal_Arch.o)
 .debug_macro   0x0000000000008b07       0xa1 ./out/lib/rtos.a(StartOs_Arch.o)
 .debug_macro   0x0000000000008ba8      0x305 ./out/lib/rtos.a(StartOs_Arch_SysTick.o)
 .debug_macro   0x0000000000008ead       0x9d ./out/lib/rtos.a(Os_Cfg.o)
 .debug_macro   0x0000000000008f4a       0x9d ./out/lib/rtos.a(Os_Internal_Cfg.o)
 .debug_macro   0x0000000000008fe7      0x38a ./out/lib/rtos.a(Os_Internal_Arch_Cfg.o)
 .debug_macro   0x0000000000009371       0x9d ./out/lib/rtos.a(ActivateTask.o)
 .debug_macro   0x000000000000940e       0x9d ./out/lib/rtos.a(SetRelAlarm.o)
 .debug_macro   0x00000000000094ab      0x218 ./out/lib/posix.a(ciaaBlockDevices.o)
 .debug_macro   0x00000000000096c3       0x16 ./out/lib/posix.a(ciaaBlockDevices.o)
 .debug_macro   0x00000000000096d9       0x28 ./out/lib/posix.a(ciaaBlockDevices.o)
 .debug_macro   0x0000000000009701       0x4d ./out/lib/posix.a(ciaaBlockDevices.o)
 .debug_macro   0x000000000000974e      0x1e0 ./out/lib/posix.a(ciaaDioDevices.o)
 .debug_macro   0x000000000000992e      0x13e ./out/lib/posix.a(ciaaPOSIX_stdlib.o)
 .debug_macro   0x0000000000009a6c      0x224 ./out/lib/posix.a(ciaaSerialDevices.o)
 .debug_macro   0x0000000000009c90       0x76 ./out/lib/posix.a(ciaaPOSIX_errno.o)
 .debug_macro   0x0000000000009d06       0x10 ./out/lib/posix.a(ciaaPOSIX_errno.o)
 .debug_macro   0x0000000000009d16       0x71 ./out/lib/posix.a(ciaaPOSIX_semaphore.o)
 .debug_macro   0x0000000000009d87      0x2f2 ./out/lib/ext_drivers.a(chip_18xx_43xx.o)
 .debug_macro   0x000000000000a079       0x9d ./out/lib/rtos.a(ClearEvent.o)
 .debug_macro   0x000000000000a116       0x9d ./out/lib/rtos.a(GetTaskID.o)
 .debug_macro   0x000000000000a1b3       0x9d ./out/lib/rtos.a(WaitEvent.o)
 .debug_macro   0x000000000000a250      0x152 ./out/lib/libs.a(ciaaLibs_CircBuf.o)

.debug_line     0x0000000000000000     0xd2d0
 .debug_line    0x0000000000000000      0x39f ./out/obj/leds.o
 .debug_line    0x000000000000039f      0x404 ./out/obj/myFunctions.o
 .debug_line    0x00000000000007a3      0x3b9 ./out/obj/teclado.o
 .debug_line    0x0000000000000b5c      0x42e ./out/obj/teclas.o
 .debug_line    0x0000000000000f8a       0x4c ./out/obj/crp.o
 .debug_line    0x0000000000000fd6      0x4eb ./out/lib/posix.a(ciaaPOSIX_stdio.o)
 .debug_line    0x00000000000014c1      0x37f ./out/lib/posix.a(ciaaPOSIX_string.o)
 .debug_line    0x0000000000001840      0x31e ./out/lib/posix.a(ciaaDevices.o)
 .debug_line    0x0000000000001b5e       0x47 ./out/lib/posix.a(ciaaPOSIX_assert.o)
 .debug_line    0x0000000000001ba5      0x3ba ./out/lib/ciaak.a(ciaak_main.o)
 .debug_line    0x0000000000001f5f      0xb42 ./out/lib/drivers.a(ciaaDriverAio.o)
 .debug_line    0x0000000000002aa1      0x9a4 ./out/lib/drivers.a(ciaaDriverDio.o)
 .debug_line    0x0000000000003445      0x2e0 ./out/lib/drivers.a(ciaaDriverFlash.o)
 .debug_line    0x0000000000003725      0xb47 ./out/lib/drivers.a(ciaaDriverUart.o)
 .debug_line    0x000000000000426c      0x751 ./out/lib/ext_drivers.a(adc_18xx_43xx.o)
 .debug_line    0x00000000000049bd      0xa62 ./out/lib/ext_drivers.a(clock_18xx_43xx.o)
 .debug_line    0x000000000000541f       0xe3 ./out/lib/ext_drivers.a(cr_startup_lpc43xx.o)
 .debug_line    0x0000000000005502      0x63d ./out/lib/ext_drivers.a(dac_18xx_43xx.o)
 .debug_line    0x0000000000005b3f      0x846 ./out/lib/ext_drivers.a(gpdma_18xx_43xx.o)
 .debug_line    0x0000000000006385      0x6ba ./out/lib/ext_drivers.a(gpio_18xx_43xx.o)
 .debug_line    0x0000000000006a3f      0x601 ./out/lib/ext_drivers.a(sysinit.o)
 .debug_line    0x0000000000007040      0x943 ./out/lib/ext_drivers.a(uart_18xx_43xx.o)
 .debug_line    0x0000000000007983      0x219 ./out/lib/ext_drivers.a(fpu_init.o)
 .debug_line    0x0000000000007b9c      0x6db ./out/lib/ext_drivers.a(sysinit_18xx_43xx.o)
 .debug_line    0x0000000000008277      0x1d6 ./out/lib/rtos.a(GetResource.o)
 .debug_line    0x000000000000844d      0x190 ./out/lib/rtos.a(Os.o)
 .debug_line    0x00000000000085dd      0x2af ./out/lib/rtos.a(Os_Internal.o)
 .debug_line    0x000000000000888c      0x1f4 ./out/lib/rtos.a(ReleaseResource.o)
 .debug_line    0x0000000000008a80      0x22b ./out/lib/rtos.a(Schedule.o)
 .debug_line    0x0000000000008cab      0x20c ./out/lib/rtos.a(SetEvent.o)
 .debug_line    0x0000000000008eb7      0x1af ./out/lib/rtos.a(ShutdownOS.o)
 .debug_line    0x0000000000009066      0x1f0 ./out/lib/rtos.a(StartOS.o)
 .debug_line    0x0000000000009256      0x1d7 ./out/lib/rtos.a(TerminateTask.o)
 .debug_line    0x000000000000942d      0x212 ./out/lib/rtos.a(Os_Internal_Arch.o)
 .debug_line    0x000000000000963f      0x1f4 ./out/lib/rtos.a(StartOs_Arch.o)
 .debug_line    0x0000000000009833      0x69a ./out/lib/rtos.a(StartOs_Arch_SysTick.o)
 .debug_line    0x0000000000009ecd      0x18d ./out/lib/rtos.a(Os_Cfg.o)
 .debug_line    0x000000000000a05a      0x196 ./out/lib/rtos.a(Os_Internal_Cfg.o)
 .debug_line    0x000000000000a1f0      0x7a9 ./out/lib/rtos.a(Os_Internal_Arch_Cfg.o)
 .debug_line    0x000000000000a999      0x1e4 ./out/lib/rtos.a(ActivateTask.o)
 .debug_line    0x000000000000ab7d      0x1d8 ./out/lib/rtos.a(SetRelAlarm.o)
 .debug_line    0x000000000000ad55       0x7d ./out/lib/rtos.a(PendSV.o)
 .debug_line    0x000000000000add2      0x562 ./out/lib/posix.a(ciaaBlockDevices.o)
 .debug_line    0x000000000000b334      0x43d ./out/lib/posix.a(ciaaDioDevices.o)
 .debug_line    0x000000000000b771      0x2d6 ./out/lib/posix.a(ciaaPOSIX_stdlib.o)
 .debug_line    0x000000000000ba47      0x607 ./out/lib/posix.a(ciaaSerialDevices.o)
 .debug_line    0x000000000000c04e      0x185 ./out/lib/posix.a(ciaaPOSIX_errno.o)
 .debug_line    0x000000000000c1d3      0x1c3 ./out/lib/posix.a(ciaaPOSIX_semaphore.o)
 .debug_line    0x000000000000c396      0x669 ./out/lib/ext_drivers.a(chip_18xx_43xx.o)
 .debug_line    0x000000000000c9ff      0x1c9 ./out/lib/rtos.a(ClearEvent.o)
 .debug_line    0x000000000000cbc8      0x1aa ./out/lib/rtos.a(GetTaskID.o)
 .debug_line    0x000000000000cd72      0x1fd ./out/lib/rtos.a(WaitEvent.o)
 .debug_line    0x000000000000cf6f      0x361 ./out/lib/libs.a(ciaaLibs_CircBuf.o)

.debug_str      0x0000000000000000    0x1da19
 .debug_str     0x0000000000000000     0x60fb ./out/obj/leds.o
                                       0x6311 (size before relaxing)
 .debug_str     0x00000000000060fb      0x101 ./out/obj/myFunctions.o
                                       0x63ce (size before relaxing)
 .debug_str     0x00000000000061fc       0x92 ./out/obj/teclado.o
                                       0x62f3 (size before relaxing)
 .debug_str     0x000000000000628e       0xde ./out/obj/teclas.o
                                       0x645f (size before relaxing)
 .debug_str     0x000000000000636c       0x4b ./out/obj/crp.o
                                       0x24e6 (size before relaxing)
 .debug_str     0x00000000000063b7      0x384 ./out/lib/posix.a(ciaaPOSIX_stdio.o)
                                       0x65e7 (size before relaxing)
 .debug_str     0x000000000000673b       0xbc ./out/lib/posix.a(ciaaPOSIX_string.o)
                                       0x4fee (size before relaxing)
 .debug_str     0x00000000000067f7       0x92 ./out/lib/posix.a(ciaaDevices.o)
                                       0x56cc (size before relaxing)
 .debug_str     0x0000000000006889       0x27 ./out/lib/posix.a(ciaaPOSIX_assert.o)
                                       0x24cf (size before relaxing)
 .debug_str     0x00000000000068b0       0xe1 ./out/lib/ciaak.a(ciaak_main.o)
                                       0x5601 (size before relaxing)
 .debug_str     0x0000000000006991    0x128c4 ./out/lib/drivers.a(ciaaDriverAio.o)
                                      0x18de1 (size before relaxing)
 .debug_str     0x0000000000019255      0x34f ./out/lib/drivers.a(ciaaDriverDio.o)
                                      0x17223 (size before relaxing)
 .debug_str     0x00000000000195a4       0xc2 ./out/lib/drivers.a(ciaaDriverFlash.o)
                                       0x50ef (size before relaxing)
 .debug_str     0x0000000000019666      0x343 ./out/lib/drivers.a(ciaaDriverUart.o)
                                      0x18565 (size before relaxing)
 .debug_str     0x00000000000199a9      0x299 ./out/lib/ext_drivers.a(adc_18xx_43xx.o)
                                      0x14d50 (size before relaxing)
 .debug_str     0x0000000000019c42      0x82a ./out/lib/ext_drivers.a(clock_18xx_43xx.o)
                                      0x157b0 (size before relaxing)
 .debug_str     0x000000000001a46c      0x175 ./out/lib/ext_drivers.a(cr_startup_lpc43xx.o)
                                       0x261b (size before relaxing)
 .debug_str     0x000000000001a5e1       0x8c ./out/lib/ext_drivers.a(dac_18xx_43xx.o)
                                      0x1497b (size before relaxing)
 .debug_str     0x000000000001a66d      0x4df ./out/lib/ext_drivers.a(gpdma_18xx_43xx.o)
                                      0x157c6 (size before relaxing)
 .debug_str     0x000000000001ab4c      0x128 ./out/lib/ext_drivers.a(gpio_18xx_43xx.o)
                                      0x1462f (size before relaxing)
 .debug_str     0x000000000001ac74       0x33 ./out/lib/ext_drivers.a(sysinit.o)
                                      0x14f2c (size before relaxing)
 .debug_str     0x000000000001aca7      0x31f ./out/lib/ext_drivers.a(uart_18xx_43xx.o)
                                      0x1536b (size before relaxing)
 .debug_str     0x000000000001afc6       0xd7 ./out/lib/ext_drivers.a(fpu_init.o)
                                       0x8dc2 (size before relaxing)
 .debug_str     0x000000000001b09d      0x103 ./out/lib/ext_drivers.a(sysinit_18xx_43xx.o)
                                      0x151f2 (size before relaxing)
 .debug_str     0x000000000001b1a0     0x10de ./out/lib/rtos.a(GetResource.o)
                                       0x447f (size before relaxing)
 .debug_str     0x000000000001c27e       0x51 ./out/lib/rtos.a(Os.o)
                                       0x426d (size before relaxing)
 .debug_str     0x000000000001c2cf      0x343 ./out/lib/rtos.a(Os_Internal.o)
                                       0x4759 (size before relaxing)
 .debug_str     0x000000000001c612       0x35 ./out/lib/rtos.a(ReleaseResource.o)
                                       0x44b8 (size before relaxing)
 .debug_str     0x000000000001c647       0x91 ./out/lib/rtos.a(Schedule.o)
                                       0x44cf (size before relaxing)
 .debug_str     0x000000000001c6d8       0x27 ./out/lib/rtos.a(SetEvent.o)
                                       0x44a1 (size before relaxing)
 .debug_str     0x000000000001c6ff       0x31 ./out/lib/rtos.a(ShutdownOS.o)
                                       0x4226 (size before relaxing)
 .debug_str     0x000000000001c730       0x9f ./out/lib/rtos.a(StartOS.o)
                                       0x437e (size before relaxing)
 .debug_str     0x000000000001c7cf       0x31 ./out/lib/rtos.a(TerminateTask.o)
                                       0x43a6 (size before relaxing)
 .debug_str     0x000000000001c800       0x95 ./out/lib/rtos.a(Os_Internal_Arch.o)
                                       0x44cd (size before relaxing)
 .debug_str     0x000000000001c895       0x49 ./out/lib/rtos.a(StartOs_Arch.o)
                                       0x4240 (size before relaxing)
 .debug_str     0x000000000001c8de       0x85 ./out/lib/rtos.a(StartOs_Arch_SysTick.o)
                                      0x14a70 (size before relaxing)
 .debug_str     0x000000000001c963       0x15 ./out/lib/rtos.a(Os_Cfg.o)
                                       0x424e (size before relaxing)
 .debug_str     0x000000000001c978       0xeb ./out/lib/rtos.a(Os_Internal_Cfg.o)
                                       0x4775 (size before relaxing)
 .debug_str     0x000000000001ca63       0xdc ./out/lib/rtos.a(Os_Internal_Arch_Cfg.o)
                                      0x16c9a (size before relaxing)
 .debug_str     0x000000000001cb3f       0x2f ./out/lib/rtos.a(ActivateTask.o)
                                       0x4485 (size before relaxing)
 .debug_str     0x000000000001cb6e       0x2d ./out/lib/rtos.a(SetRelAlarm.o)
                                       0x4499 (size before relaxing)
 .debug_str     0x000000000001cb9b      0x772 ./out/lib/posix.a(ciaaBlockDevices.o)
                                       0x6c5d (size before relaxing)
 .debug_str     0x000000000001d30d      0x121 ./out/lib/posix.a(ciaaDioDevices.o)
                                       0x65b5 (size before relaxing)
 .debug_str     0x000000000001d42e      0x179 ./out/lib/posix.a(ciaaPOSIX_stdlib.o)
                                       0x508d (size before relaxing)
 .debug_str     0x000000000001d5a7      0x245 ./out/lib/posix.a(ciaaSerialDevices.o)
                                       0x6d18 (size before relaxing)
 .debug_str     0x000000000001d7ec       0x26 ./out/lib/posix.a(ciaaPOSIX_errno.o)
                                       0x327f (size before relaxing)
 .debug_str     0x000000000001d812       0x63 ./out/lib/posix.a(ciaaPOSIX_semaphore.o)
                                       0x32ad (size before relaxing)
 .debug_str     0x000000000001d875       0x95 ./out/lib/ext_drivers.a(chip_18xx_43xx.o)
                                      0x15223 (size before relaxing)
 .debug_str     0x000000000001d90a       0x2b ./out/lib/rtos.a(ClearEvent.o)
                                       0x4485 (size before relaxing)
 .debug_str     0x000000000001d935       0x29 ./out/lib/rtos.a(GetTaskID.o)
                                       0x4246 (size before relaxing)
 .debug_str     0x000000000001d95e       0x29 ./out/lib/rtos.a(WaitEvent.o)
                                       0x449c (size before relaxing)
 .debug_str     0x000000000001d987       0x92 ./out/lib/libs.a(ciaaLibs_CircBuf.o)
                                       0x552d (size before relaxing)

.comment        0x0000000000000000       0x70
 .comment       0x0000000000000000       0x70 ./out/obj/leds.o
                                         0x71 (size before relaxing)
 .comment       0x0000000000000000       0x71 ./out/obj/myFunctions.o
 .comment       0x0000000000000000       0x71 ./out/obj/teclado.o
 .comment       0x0000000000000000       0x71 ./out/obj/teclas.o
 .comment       0x0000000000000000       0x71 ./out/obj/crp.o
 .comment       0x0000000000000000       0x71 ./out/lib/posix.a(ciaaPOSIX_stdio.o)
 .comment       0x0000000000000000       0x71 ./out/lib/posix.a(ciaaPOSIX_string.o)
 .comment       0x0000000000000000       0x71 ./out/lib/posix.a(ciaaDevices.o)
 .comment       0x0000000000000000       0x71 ./out/lib/posix.a(ciaaPOSIX_assert.o)
 .comment       0x0000000000000000       0x71 ./out/lib/ciaak.a(ciaak_main.o)
 .comment       0x0000000000000000       0x71 ./out/lib/drivers.a(ciaaDriverAio.o)
 .comment       0x0000000000000000       0x71 ./out/lib/drivers.a(ciaaDriverDio.o)
 .comment       0x0000000000000000       0x71 ./out/lib/drivers.a(ciaaDriverFlash.o)
 .comment       0x0000000000000000       0x71 ./out/lib/drivers.a(ciaaDriverUart.o)
 .comment       0x0000000000000000       0x71 ./out/lib/ext_drivers.a(adc_18xx_43xx.o)
 .comment       0x0000000000000000       0x71 ./out/lib/ext_drivers.a(clock_18xx_43xx.o)
 .comment       0x0000000000000000       0x71 ./out/lib/ext_drivers.a(cr_startup_lpc43xx.o)
 .comment       0x0000000000000000       0x71 ./out/lib/ext_drivers.a(dac_18xx_43xx.o)
 .comment       0x0000000000000000       0x71 ./out/lib/ext_drivers.a(gpdma_18xx_43xx.o)
 .comment       0x0000000000000000       0x71 ./out/lib/ext_drivers.a(gpio_18xx_43xx.o)
 .comment       0x0000000000000000       0x71 ./out/lib/ext_drivers.a(sysinit.o)
 .comment       0x0000000000000000       0x71 ./out/lib/ext_drivers.a(uart_18xx_43xx.o)
 .comment       0x0000000000000000       0x71 ./out/lib/ext_drivers.a(fpu_init.o)
 .comment       0x0000000000000000       0x71 ./out/lib/ext_drivers.a(sysinit_18xx_43xx.o)
 .comment       0x0000000000000000       0x71 ./out/lib/rtos.a(GetResource.o)